Archive member included to satisfy reference by file (symbol)

armino/cmsis/libcmsis.a(startup_bk7236.c.obj)
                              (Reset_Handler)
armino/cmsis/libcmsis.a(system_bk7236xx.c.obj)
                              armino/cmsis/libcmsis.a(startup_bk7236.c.obj) (SystemInit)
armino/cm33/libcm33.a(trap_base.c.obj)
                              armino/cmsis/libcmsis.a(startup_bk7236.c.obj) (user_except_handler_ex)
armino/cm33/libcm33.a(mpu.c.obj)
                              armino/cmsis/libcmsis.a(startup_bk7236.c.obj) (mpu_enable)
armino/cm33/libcm33.a(stack_base.c.obj)
                              armino/cm33/libcm33.a(trap_base.c.obj) (stack_mem_dump)
armino/driver/libdriver.a(reset_reason.c.obj)
                              armino/cmsis/libcmsis.a(startup_bk7236.c.obj) (bk_misc_set_reset_reason)
armino/driver/libdriver.a(wdt_driver.c.obj)
                              armino/cm33/libcm33.a(trap_base.c.obj) (bk_wdt_feed)
armino/driver/libdriver.a(aon_pmu_driver.c.obj)
                              armino/cmsis/libcmsis.a(startup_bk7236.c.obj) (aon_pmu_drv_wdt_rst_dev_enable)
armino/driver/libdriver.a(sys_clock_driver.c.obj)
                              armino/driver/libdriver.a(wdt_driver.c.obj) (sys_drv_dev_clk_pwr_up)
armino/driver/libdriver.a(sys_driver_common.c.obj)
                              armino/driver/libdriver.a(sys_clock_driver.c.obj) (sys_amp_res_acquire)
armino/driver/libdriver.a(amp_res_lock.c.obj)
                              armino/driver/libdriver.a(sys_driver_common.c.obj) (amp_res_lock_acquire)
armino/driver/libdriver.a(mb_ipc_cmd.c.obj)
                              armino/driver/libdriver.a(amp_res_lock.c.obj) (ipc_send_available_ind)
armino/driver/libdriver.a(mb_chnl_buff.c.obj)
                              armino/driver/libdriver.a(mb_ipc_cmd.c.obj) (mb_chnl_get_tx_buff)
armino/driver/libdriver.a(mailbox_channel.c.obj)
                              armino/driver/libdriver.a(mb_ipc_cmd.c.obj) (mb_chnl_open)
armino/driver/libdriver.a(mbox0_adapter.c.obj)
                              armino/driver/libdriver.a(mailbox_channel.c.obj) (bk_mailbox_init)
armino/driver/libdriver.a(mbox0_drv.c.obj)
                              armino/driver/libdriver.a(mbox0_adapter.c.obj) (mbox0_drv_get_send_stat)
armino/driver/libdriver.a(sys_int_driver.c.obj)
                              armino/driver/libdriver.a(mbox0_drv.c.obj) (sys_drv_int_group2_disable)
armino/driver/libdriver.a(interrupt_base.c.obj)
                              armino/driver/libdriver.a(mbox0_drv.c.obj) (bk_int_isr_register)
armino/driver/libdriver.a(interrupt.c.obj)
                              armino/driver/libdriver.a(interrupt_base.c.obj) (soc_isr_init)
armino/bk_startup/libbk_startup.a(system_main.c.obj)
                              armino/cm33/libcm33.a(trap_base.c.obj) (bk_set_jtag_mode)
armino/bk_startup/libbk_startup.a(rtos_init.c.obj)
                              armino/bk_startup/libbk_startup.a(system_main.c.obj) (rtos_init)
armino/bk_system/libbk_system.a(printf.c.obj)
                              armino/bk_startup/libbk_startup.a(system_main.c.obj) (bk_printf)
armino/bk_system/libbk_system.a(reboot.c.obj)
                              armino/cm33/libcm33.a(trap_base.c.obj) (bk_reboot_ex)
armino/bk_system/libbk_system.a(printf_base.c.obj)
                              armino/bk_system/libbk_system.a(printf.c.obj) (printf_is_init)
armino/bk_cli/libbk_cli.a(shell_task.c.obj)
                              armino/bk_system/libbk_system.a(printf.c.obj) (shell_get_cpu_id)
armino/bk_cli/libbk_cli.a(shell_uart.c.obj)
                              armino/bk_cli/libbk_cli.a(shell_task.c.obj) (shell_uart)
armino/bk_cli/libbk_cli.a(cli_main.c.obj)
                              armino/bk_cli/libbk_cli.a(shell_task.c.obj) (handle_shell_input)
armino/bk_cli/libbk_cli.a(cli_rpc.c.obj)
                              armino/bk_cli/libbk_cli.a(cli_main.c.obj) (cli_debug_cmd_table)
armino/bk_cli/libbk_cli.a(cli_event.c.obj)
                              armino/bk_cli/libbk_cli.a(cli_main.c.obj) (cli_event_init)
armino/bk_event/libbk_event.a(event.c.obj)
                              armino/bk_cli/libbk_cli.a(cli_event.c.obj) (bk_event_init)
armino/bk_pm/libbk_pm.a(pm.c.obj)
                              armino/cmsis/libcmsis.a(startup_bk7236.c.obj) (pm_hardware_init)
armino/main/libmain.a(app_main.c.obj)
                              armino/bk_startup/libbk_startup.a(system_main.c.obj) (main)
armino/main/libmain.a(webrtc_main.c.obj)
                              armino/main/libmain.a(app_main.c.obj) (webrtc_set_default_system_info)
armino/main/libmain.a(webrtc_motion.c.obj)
                              armino/main/libmain.a(webrtc_main.c.obj) (webrtc_motion_init)
armino/project_defs/libproject_defs.a(rtc_bk.c.obj)
                              armino/main/libmain.a(webrtc_main.c.obj) (bk_get_milliseconds)
armino/bk7258_cp2/libbk7258_cp2.a(mpu_cfg.c.obj)
[...]
Memory Configuration

Name             Origin             Length             Attributes
FLASH            0x0000000002370000 0x0000000000040000 xr
RAM              0x0000000028092000 0x000000000000e000 xrw
ITCM             0x0000000000000000 0x0000000000004000 xrw
DTCM             0x0000000020000000 0x0000000000004000 xrw
SWAP             0x0000000028041800 0x0000000000000800 xrw
PSRAM            0x0000000060000000 0x0000000004000000 xrw
*default*        0x0000000000000000 0xffffffffffffffff

Linker script and memory map

LOAD CMakeFiles/app.elf.dir/project_elf_src.c.obj
LOAD /opt/gcc-arm-none-eabi-10.3-2021.10/bin/../lib/gcc/arm-none-eabi/10.3.1/../../../../arm-none-eabi/lib/thumb/v8-m.main+fp/hard/libm.a
LOAD /opt/gcc-arm-none-eabi-10.3-2021.10/bin/../lib/gcc/arm-none-eabi/10.3.1/thumb/v8-m.main+fp/hard/libgcc.a
LOAD /opt/gcc-arm-none-eabi-10.3-2021.10/bin/../lib/gcc/arm-none-eabi/10.3.1/../../../../arm-none-eabi/lib/thumb/v8-m.main+fp/hard/libc.a
LOAD /opt/gcc-arm-none-eabi-10.3-2021.10/bin/../lib/gcc/arm-none-eabi/10.3.1/../../../../arm-none-eabi/lib/thumb/v8-m.main+fp/hard/libnosys.a
LOAD /opt/gcc-arm-none-eabi-10.3-2021.10/bin/../lib/gcc/arm-none-eabi/10.3.1/../../../../arm-none-eabi/lib/thumb/v8-m.main+fp/hard/libm.a
LOAD /opt/gcc-arm-none-eabi-10.3-2021.10/bin/../lib/gcc/arm-none-eabi/10.3.1/thumb/v8-m.main+fp/hard/libgcc.a
LOAD /opt/gcc-arm-none-eabi-10.3-2021.10/bin/../lib/gcc/arm-none-eabi/10.3.1/../../../../arm-none-eabi/lib/thumb/v8-m.main+fp/hard/libc.a
LOAD /opt/gcc-arm-none-eabi-10.3-2021.10/bin/../lib/gcc/arm-none-eabi/10.3.1/../../../../arm-none-eabi/lib/thumb/v8-m.main+fp/hard/libnosys.a
START GROUP
LOAD /opt/gcc-arm-none-eabi-10.3-2021.10/bin/../lib/gcc/arm-none-eabi/10.3.1/../../../../arm-none-eabi/lib/thumb/v8-m.main+fp/hard/libstdc++.a
LOAD armino/bk7258_cp2/libbk7258_cp2.a
LOAD armino/common/libcommon.a
LOAD armino/base64/libbase64.a
LOAD armino/bk_rtos/libbk_rtos.a
LOAD armino/os_source/libos_source.a
LOAD armino/coredump/libcoredump.a
LOAD armino/cmsis/libcmsis.a
LOAD armino/cm33/libcm33.a
LOAD armino/bk_log/libbk_log.a
LOAD armino/bk_phy/libbk_phy.a
LOAD armino/bk_ate/libbk_ate.a
LOAD armino/driver/libdriver.a
LOAD armino/bk_adapter/libbk_adapter.a
LOAD armino/bk_wifi/libbk_wifi.a
LOAD armino/bk_init/libbk_init.a
LOAD armino/bk_startup/libbk_startup.a
LOAD armino/utf8/libutf8.a
LOAD armino/temp_detect/libtemp_detect.a
LOAD armino/bk_system/libbk_system.a
LOAD armino/unity/libunity.a
LOAD armino/bk_cli/libbk_cli.a
LOAD armino/bk_event/libbk_event.a
LOAD armino/bk_common/libbk_common.a
LOAD armino/bk_pm/libbk_pm.a
LOAD armino/compress/libcompress.a
LOAD armino/hmac_sha_256/libhmac_sha_256.a
LOAD armino/qcbor/libqcbor.a
LOAD armino/security/libsecurity.a
LOAD armino/bk_peripheral/libbk_peripheral.a
LOAD armino/project_defs/libproject_defs.a
LOAD armino/main/libmain.a
LOAD armino/bk_adapter/libbk_adapter.a
LOAD armino/bk_pm/libbk_pm.a
LOAD armino/compress/libcompress.a
LOAD armino/hmac_sha_256/libhmac_sha_256.a
LOAD armino/qcbor/libqcbor.a
LOAD armino/security/libsecurity.a
LOAD /home/yan/work/whole/bk_avdk-v2.0.1.29/projects/thirdparty/test/components/avdk_libs/bk7258_cp2/libs/libaacdec.a
LOAD /home/yan/work/whole/bk_avdk-v2.0.1.29/projects/thirdparty/test/components/avdk_libs/bk7258_cp2/libs/libadpcm.a
LOAD /home/yan/work/whole/bk_avdk-v2.0.1.29/projects/thirdparty/test/components/avdk_libs/bk7258_cp2/libs/libaec.a
LOAD /home/yan/work/whole/bk_avdk-v2.0.1.29/projects/thirdparty/test/components/avdk_libs/bk7258_cp2/libs/libagc.a
LOAD /home/yan/work/whole/bk_avdk-v2.0.1.29/projects/thirdparty/test/components/avdk_libs/bk7258_cp2/libs/libaud_ns.a
LOAD /home/yan/work/whole/bk_avdk-v2.0.1.29/projects/thirdparty/test/components/avdk_libs/bk7258_cp2/libs/libaud_vad.a
LOAD /home/yan/work/whole/bk_avdk-v2.0.1.29/projects/thirdparty/test/components/avdk_libs/bk7258_cp2/libs/libaudio_osi.a
LOAD /home/yan/work/whole/bk_avdk-v2.0.1.29/projects/thirdparty/test/components/avdk_libs/bk7258_cp2/libs/libavi.a
LOAD /home/yan/work/whole/bk_avdk-v2.0.1.29/projects/thirdparty/test/components/avdk_libs/bk7258_cp2/libs/libflac.a
LOAD /home/yan/work/whole/bk_avdk-v2.0.1.29/projects/thirdparty/test/components/avdk_libs/bk7258_cp2/libs/libfreetype.a
LOAD /home/yan/work/whole/bk_avdk-v2.0.1.29/projects/thirdparty/test/components/avdk_libs/bk7258_cp2/libs/libg711.a
LOAD /home/yan/work/whole/bk_avdk-v2.0.1.29/projects/thirdparty/test/components/avdk_libs/bk7258_cp2/libs/libhelix.a
LOAD /home/yan/work/whole/bk_avdk-v2.0.1.29/projects/thirdparty/test/components/avdk_libs/bk7258_cp2/libs/liblcd_font.a
LOAD /home/yan/work/whole/bk_avdk-v2.0.1.29/projects/thirdparty/test/components/avdk_libs/bk7258_cp2/libs/liblibjpeg.a
LOAD /home/yan/work/whole/bk_avdk-v2.0.1.29/projects/thirdparty/test/components/avdk_libs/bk7258_cp2/libs/libogg.a
LOAD /home/yan/work/whole/bk_avdk-v2.0.1.29/projects/thirdparty/test/components/avdk_libs/bk7258_cp2/libs/libopus.a
LOAD /home/yan/work/whole/bk_avdk-v2.0.1.29/projects/thirdparty/test/components/avdk_libs/bk7258_cp2/libs/libqrcodegen.a
LOAD /home/yan/work/whole/bk_avdk-v2.0.1.29/projects/thirdparty/test/components/avdk_libs/bk7258_cp2/libs/libresample.a
LOAD /home/yan/work/whole/bk_avdk-v2.0.1.29/projects/thirdparty/test/components/avdk_libs/bk7258_cp2/libs/libsbc.a
LOAD /home/yan/work/whole/bk_avdk-v2.0.1.29/projects/thirdparty/test/components/avdk_libs/bk7258_cp2/libs/libvideo_osi.a
LOAD /home/yan/work/whole/bk_avdk-v2.0.1.29/projects/thirdparty/test/components/avdk_libs/bk7258_cp2/libs/libwav.a
LOAD armino/bk_peripheral/libbk_peripheral.a
LOAD armino/unity/libunity.a
LOAD armino/project_defs/libproject_defs.a
LOAD armino/bk7258_cp2/libbk7258_cp2.a
LOAD armino/common/libcommon.a
LOAD armino/base64/libbase64.a
LOAD armino/bk_rtos/libbk_rtos.a
LOAD armino/os_source/libos_source.a
LOAD armino/coredump/libcoredump.a
LOAD armino/cmsis/libcmsis.a
LOAD armino/cm33/libcm33.a
LOAD armino/bk_log/libbk_log.a
LOAD armino/bk_phy/libbk_phy.a
LOAD armino/bk_ate/libbk_ate.a
LOAD armino/driver/libdriver.a
LOAD armino/bk_wifi/libbk_wifi.a
LOAD armino/bk_init/libbk_init.a
LOAD armino/bk_startup/libbk_startup.a
LOAD armino/utf8/libutf8.a
LOAD armino/temp_detect/libtemp_detect.a
LOAD armino/bk_system/libbk_system.a
LOAD armino/bk_cli/libbk_cli.a
LOAD armino/bk_event/libbk_event.a
LOAD armino/bk_common/libbk_common.a
LOAD armino/bk7258_cp2/libbk7258_cp2.a
LOAD armino/common/libcommon.a
LOAD armino/base64/libbase64.a
LOAD armino/bk_rtos/libbk_rtos.a
LOAD armino/os_source/libos_source.a
LOAD armino/coredump/libcoredump.a
LOAD armino/cmsis/libcmsis.a
LOAD armino/cm33/libcm33.a
LOAD armino/bk_log/libbk_log.a
LOAD armino/bk_phy/libbk_phy.a
LOAD armino/bk_ate/libbk_ate.a
LOAD armino/driver/libdriver.a
LOAD armino/bk_wifi/libbk_wifi.a
LOAD armino/bk_init/libbk_init.a
LOAD armino/bk_startup/libbk_startup.a
LOAD armino/utf8/libutf8.a
LOAD armino/temp_detect/libtemp_detect.a
LOAD armino/bk_system/libbk_system.a
LOAD armino/bk_cli/libbk_cli.a
LOAD armino/bk_event/libbk_event.a
LOAD armino/bk_common/libbk_common.a
LOAD /home/yan/work/whole/bk_avdk-v2.0.1.29/bk_idk/components/bk_libs/bk7258_cp2/libs/libbk_phy.a
LOAD /home/yan/work/whole/bk_avdk-v2.0.1.29/bk_idk/components/bk_libs/bk7258_cp2/libs/libuid.a
LOAD /home/yan/work/whole/bk_avdk-v2.0.1.29/bk_idk/components/bk_libs/bk7258_cp2/libs/libusb.a
LOAD /opt/gcc-arm-none-eabi-10.3-2021.10/bin/../lib/gcc/arm-none-eabi/10.3.1/../../../../arm-none-eabi/lib/thumb/v8-m.main+fp/hard/libm.a
LOAD /opt/gcc-arm-none-eabi-10.3-2021.10/bin/../lib/gcc/arm-none-eabi/10.3.1/thumb/v8-m.main+fp/hard/libgcc.a
LOAD /opt/gcc-arm-none-eabi-10.3-2021.10/bin/../lib/gcc/arm-none-eabi/10.3.1/../../../../arm-none-eabi/lib/thumb/v8-m.main+fp/hard/libc.a
LOAD /opt/gcc-arm-none-eabi-10.3-2021.10/bin/../lib/gcc/arm-none-eabi/10.3.1/../../../../arm-none-eabi/lib/thumb/v8-m.main+fp/hard/libnosys.a
LOAD /opt/gcc-arm-none-eabi-10.3-2021.10/bin/../lib/gcc/arm-none-eabi/10.3.1/../../../../arm-none-eabi/lib/thumb/v8-m.main+fp/hard/libm.a
LOAD /opt/gcc-arm-none-eabi-10.3-2021.10/bin/../lib/gcc/arm-none-eabi/10.3.1/thumb/v8-m.main+fp/hard/libgcc.a
LOAD /opt/gcc-arm-none-eabi-10.3-2021.10/bin/../lib/gcc/arm-none-eabi/10.3.1/../../../../arm-none-eabi/lib/thumb/v8-m.main+fp/hard/libc.a
LOAD /opt/gcc-arm-none-eabi-10.3-2021.10/bin/../lib/gcc/arm-none-eabi/10.3.1/../../../../arm-none-eabi/lib/thumb/v8-m.main+fp/hard/libnosys.a
                0x0000000000001000                __MSP_STACK_SIZE = 0x1000
                0x0000000000004000                __MIN_HEAP_SIZE = 0x4000
                0x0000000000000000                __MPU_PROTECT_SIZE = 0x0
                0x0000000000000800                __SWAP_SIZE = 0x800
                0x0000000028000000                __PRIMARY_APP_RAM_BASE = 0x28000000
                0x0000000028092000                __CPU2_RAM_BASE = ((__PRIMARY_APP_RAM_BASE + 0x42000) + 0x50000)
                0x0000000000000001                ASSERT ((. == ALIGN (0x200)), vector table address align fault.)

.vectors        0x0000000002370000      0x180
                0x0000000002370000                __vector_table = .
 *(.vectors)
 .vectors       0x0000000002370000      0x140 armino/cmsis/libcmsis.a(startup_bk7236.c.obj)
                0x0000000002370000                __Vectors
                0x0000000002370180                . = ALIGN (0x80)
 *fill*         0x0000000002370140       0x40 

.rodata._start.str1.1
                0x0000000002370180       0x14
 .rodata._start.str1.1
                0x0000000002370180       0x14 armino/cmsis/libcmsis.a(startup_bk7236.c.obj)

.rodata.arch_dump_cpu_registers.constprop.0.str1.1
                0x0000000002370194      0x21d
 .rodata.arch_dump_cpu_registers.constprop.0.str1.1
                0x0000000002370194      0x21d armino/cm33/libcm33.a(trap_base.c.obj)

.rodata.rtos_regist_plat_dump_hook.str1.1
                0x00000000023703b1       0x71
 .rodata.rtos_regist_plat_dump_hook.str1.1
                0x00000000023703b1       0x71 armino/cm33/libcm33.a(trap_base.c.obj)

.rodata.bk_system_dump.str1.1
                0x0000000002370422       0x15
 .rodata.bk_system_dump.str1.1
                0x0000000002370422       0x15 armino/cm33/libcm33.a(trap_base.c.obj)

.rodata.str1.1  0x0000000002370437      0x327
 .rodata.str1.1
                0x0000000002370437       0x85 armino/cm33/libcm33.a(trap_base.c.obj)
 .rodata.str1.1
                0x00000000023704bc       0x1a armino/driver/libdriver.a(wdt_driver.c.obj)
 .rodata.str1.1
                0x00000000023704d6       0x23 armino/bk_system/libbk_system.a(printf.c.obj)
                                         0x29 (size before relaxing)
 .rodata.str1.1
                0x00000000023704f9        0x8 armino/bk_cli/libbk_cli.a(shell_task.c.obj)
 .rodata.str1.1
                0x0000000002370501       0x75 armino/bk_cli/libbk_cli.a(cli_main.c.obj)
                                         0x79 (size before relaxing)
 .rodata.str1.1
                0x0000000002370576       0x31 armino/bk_cli/libbk_cli.a(cli_event.c.obj)
 .rodata.str1.1
                0x00000000023705a7       0x20 armino/coredump/libcoredump.a(cm_backtrace.c.obj)
 .rodata.str1.1
                0x00000000023705c7       0x51 armino/driver/libdriver.a(uart_driver.c.obj)
 .rodata.str1.1
                0x0000000002370618       0x92 armino/bk_cli/libbk_cli.a(cli_mem.c.obj)
                                         0x9a (size before relaxing)
 .rodata.str1.1
                0x00000000023706aa       0xb4 armino/bk_cli/libbk_cli.a(cli_os.c.obj)
                                         0xbe (size before relaxing)

.rodata.__FUNCTION__.0
                0x000000000237075e       0xdf
 .rodata.__FUNCTION__.0
                0x000000000237075e       0x15 armino/cm33/libcm33.a(trap_base.c.obj)
 .rodata.__FUNCTION__.0
                0x0000000002370773       0x13 armino/cm33/libcm33.a(mpu.c.obj)
 .rodata.__FUNCTION__.0
                0x0000000002370786       0x14 armino/driver/libdriver.a(sys_driver_common.c.obj)
 .rodata.__FUNCTION__.0
                0x000000000237079a        0xc armino/bk_cli/libbk_cli.a(cli_main.c.obj)
 .rodata.__FUNCTION__.0
                0x00000000023707a6       0x13 armino/bk_cli/libbk_cli.a(cli_event.c.obj)
 .rodata.__FUNCTION__.0
                0x00000000023707b9        0xe armino/bk_event/libbk_event.a(event.c.obj)
 .rodata.__FUNCTION__.0
                0x00000000023707c7        0xc armino/project_defs/libproject_defs.a(rtc_bk.c.obj)
 .rodata.__FUNCTION__.0
                0x00000000023707d3       0x14 armino/bk_rtos/libbk_rtos.a(rtos_debug.c.obj)
 .rodata.__FUNCTION__.0
                0x00000000023707e7       0x13 armino/coredump/libcoredump.a(cm_backtrace.c.obj)
 .rodata.__FUNCTION__.0
                0x00000000023707fa        0xb armino/driver/libdriver.a(uart_driver.c.obj)
 .rodata.__FUNCTION__.0
                0x0000000002370805       0x11 armino/bk_init/libbk_init.a(components_init.c.obj)
 .rodata.__FUNCTION__.0
                0x0000000002370816       0x13 armino/bk_cli/libbk_cli.a(cli_mem.c.obj)
 .rodata.__FUNCTION__.0
                0x0000000002370829       0x14 armino/bk_cli/libbk_cli.a(cli_os.c.obj)

.rodata.fault_type
                0x0000000002370840       0x40
 .rodata.fault_type
                0x0000000002370840       0x40 armino/cm33/libcm33.a(trap_base.c.obj)

.rodata.mpu_register_regions.str1.1
                0x0000000002370880       0x17
 .rodata.mpu_register_regions.str1.1
                0x0000000002370880       0x17 armino/cm33/libcm33.a(mpu.c.obj)

.rodata.__FUNCTION__.1
                0x0000000002370897       0xcd
 .rodata.__FUNCTION__.1
                0x0000000002370897       0x15 armino/cm33/libcm33.a(mpu.c.obj)
 .rodata.__FUNCTION__.1
                0x00000000023708ac       0x14 armino/driver/libdriver.a(sys_driver_common.c.obj)
 .rodata.__FUNCTION__.1
                0x00000000023708c0       0x11 armino/bk_cli/libbk_cli.a(cli_event.c.obj)
 .rodata.__FUNCTION__.1
                0x00000000023708d1       0x10 armino/bk_event/libbk_event.a(event.c.obj)
 .rodata.__FUNCTION__.1
                0x00000000023708e1        0xe armino/project_defs/libproject_defs.a(rtc_bk.c.obj)
 .rodata.__FUNCTION__.1
                0x00000000023708ef       0x14 armino/bk_rtos/libbk_rtos.a(rtos_debug.c.obj)
 .rodata.__FUNCTION__.1
                0x0000000002370903       0x1a armino/os_source/libos_source.a(queue.c.obj)
 .rodata.__FUNCTION__.1
                0x000000000237091d       0x14 armino/os_source/libos_source.a(tasks.c.obj)
 .rodata.__FUNCTION__.1
                0x0000000002370931       0x12 armino/os_source/libos_source.a(port.c.obj)
 .rodata.__FUNCTION__.1
                0x0000000002370943        0xc armino/driver/libdriver.a(uart_driver.c.obj)
 .rodata.__FUNCTION__.1
                0x000000000237094f       0x15 armino/bk_cli/libbk_cli.a(cli_mem.c.obj)

.rodata.stack_mem_dump.str1.1
                0x0000000002370964       0x89
 .rodata.stack_mem_dump.str1.1
                0x0000000002370964       0x89 armino/cm33/libcm33.a(stack_base.c.obj)
                                         0x8c (size before relaxing)

.rodata.arch_parse_stack_backtrace.str1.1
                0x00000000023709ed       0x6a
 .rodata.arch_parse_stack_backtrace.str1.1
                0x00000000023709ed       0x6a armino/cm33/libcm33.a(stack_base.c.obj)

.rodata.amp_res_lock_acquire.str1.1
                0x0000000002370a57       0x1e
 .rodata.amp_res_lock_acquire.str1.1
                0x0000000002370a57       0x1e armino/driver/libdriver.a(amp_res_lock.c.obj)

.rodata.ipc_cmd_tx_cmpl_isr.str1.1
                0x0000000002370a75       0x19
 .rodata.ipc_cmd_tx_cmpl_isr.str1.1
                0x0000000002370a75       0x19 armino/driver/libdriver.a(mb_ipc_cmd.c.obj)

.rodata.ipc_init.str1.1
                0x0000000002370a8e       0x17
 .rodata.ipc_init.str1.1
                0x0000000002370a8e       0x17 armino/driver/libdriver.a(mb_ipc_cmd.c.obj)

.rodata.__func__.0
                0x0000000002370aa5       0x1f
 .rodata.__func__.0
                0x0000000002370aa5       0x14 armino/driver/libdriver.a(mb_ipc_cmd.c.obj)
 .rodata.__func__.0
                0x0000000002370ab9        0xb armino/main/libmain.a(webrtc_main.c.obj)

.rodata.phy_chnl_log_chnl_list
                0x0000000002370ac4        0xc
 .rodata.phy_chnl_log_chnl_list
                0x0000000002370ac4        0xc armino/driver/libdriver.a(mailbox_channel.c.obj)

.rodata.phy_chnl_log_chnl_num
                0x0000000002370ad0        0x3
 .rodata.phy_chnl_log_chnl_num
                0x0000000002370ad0        0x3 armino/driver/libdriver.a(mailbox_channel.c.obj)

.rodata.icu_int_map_table
                0x0000000002370ad3      0x100
 .rodata.icu_int_map_table
                0x0000000002370ad3      0x100 armino/driver/libdriver.a(interrupt_base.c.obj)
                0x0000000002370ad3                icu_int_map_table

.rodata.app_main_thread.str1.1
                0x0000000002370bd3       0x12
 .rodata.app_main_thread.str1.1
                0x0000000002370bd3       0x12 armino/bk_startup/libbk_startup.a(system_main.c.obj)

.rodata.start_app_main_thread.str1.1
                0x0000000002370be5        0x5
 .rodata.start_app_main_thread.str1.1
                0x0000000002370be5        0x5 armino/bk_startup/libbk_startup.a(system_main.c.obj)

.rodata.bk_printf_port_ext.str1.1
                0x0000000002370bea       0x10
 .rodata.bk_printf_port_ext.str1.1
                0x0000000002370bea       0x10 armino/bk_system/libbk_system.a(printf.c.obj)

.rodata.level_format
                0x0000000002370bfc       0x18
 .rodata.level_format
                0x0000000002370bfc       0x18 armino/bk_system/libbk_system.a(printf.c.obj)

.rodata.cmd_tx_complete.str1.1
                0x0000000002370c14       0x38
 .rodata.cmd_tx_complete.str1.1
                0x0000000002370c14       0x38 armino/bk_cli/libbk_cli.a(shell_task.c.obj)

.rodata.log_tx_complete.str1.1
                0x0000000002370c4c        0xe
 .rodata.log_tx_complete.str1.1
                0x0000000002370c4c        0xe armino/bk_cli/libbk_cli.a(shell_task.c.obj)

.rodata.tx_req_process.str1.1
                0x0000000002370c5a       0x46
 .rodata.tx_req_process.str1.1
                0x0000000002370c5a       0x46 armino/bk_cli/libbk_cli.a(shell_task.c.obj)

.rodata.shell_rx_wakeup.str1.1
                0x0000000002370ca0        0x9
 .rodata.shell_rx_wakeup.str1.1
                0x0000000002370ca0        0x9 armino/bk_cli/libbk_cli.a(shell_task.c.obj)

.rodata.shell_task.str1.1
                0x0000000002370ca9       0x16
 .rodata.shell_task.str1.1
                0x0000000002370ca9       0x16 armino/bk_cli/libbk_cli.a(shell_task.c.obj)

.rodata.shell_tx_complete.str1.1
                0x0000000002370cbf        0xc
 .rodata.shell_tx_complete.str1.1
                0x0000000002370cbf        0xc armino/bk_cli/libbk_cli.a(shell_task.c.obj)

.rodata.shell_cmd_ovf_str
                0x0000000002370ccb       0x17
 .rodata.shell_cmd_ovf_str
                0x0000000002370ccb       0x17 armino/bk_cli/libbk_cli.a(shell_task.c.obj)

.rodata.shell_fault_str
                0x0000000002370ce2       0x21
 .rodata.shell_fault_str
                0x0000000002370ce2       0x21 armino/bk_cli/libbk_cli.a(shell_task.c.obj)

.rodata.shell_prompt_str
                0x0000000002370d04        0x8
 .rodata.shell_prompt_str
                0x0000000002370d04        0x8 armino/bk_cli/libbk_cli.a(shell_task.c.obj)

.rodata.config  0x0000000002370d0c        0xc
 .rodata.config
                0x0000000002370d0c        0xc armino/bk_cli/libbk_cli.a(shell_uart.c.obj)

.rodata.shell_uart_drv
                0x0000000002370d18       0x20
 .rodata.shell_uart_drv
                0x0000000002370d18       0x20 armino/bk_cli/libbk_cli.a(shell_uart.c.obj)

.rodata.cli_log_statist.str1.1
                0x0000000002370d38       0x57
 .rodata.cli_log_statist.str1.1
                0x0000000002370d38       0x57 armino/bk_cli/libbk_cli.a(cli_main.c.obj)

.rodata.cli_log_disable.str1.1
                0x0000000002370d8f       0x55
 .rodata.cli_log_disable.str1.1
                0x0000000002370d8f       0x55 armino/bk_cli/libbk_cli.a(cli_main.c.obj)
                                         0x5a (size before relaxing)

.rodata.log_setting_cmd.str1.1
                0x0000000002370de4       0x3c
 .rodata.log_setting_cmd.str1.1
                0x0000000002370de4       0x3c armino/bk_cli/libbk_cli.a(cli_main.c.obj)

.rodata.help_command.str1.1
                0x0000000002370e20       0x3f
 .rodata.help_command.str1.1
                0x0000000002370e20       0x3f armino/bk_cli/libbk_cli.a(cli_main.c.obj)

.rodata.handle_shell_input2.str1.1
                0x0000000002370e5f       0x2f
 .rodata.handle_shell_input2.str1.1
                0x0000000002370e5f       0x2f armino/bk_cli/libbk_cli.a(cli_main.c.obj)

.rodata.bk_cli_init.str1.1
                0x0000000002370e8e       0x2d
 .rodata.bk_cli_init.str1.1
                0x0000000002370e8e       0x2d armino/bk_cli/libbk_cli.a(cli_main.c.obj)

.rodata.built_ins
                0x0000000002370ebc       0x30
 .rodata.built_ins
                0x0000000002370ebc       0x30 armino/bk_cli/libbk_cli.a(cli_main.c.obj)

.rodata.user_clis
                0x0000000002370eec        0x0
 .rodata.user_clis
                0x0000000002370eec        0x0 armino/bk_cli/libbk_cli.a(cli_main.c.obj)

.rodata.cli_event_cmd.str1.1
                0x0000000002370eec       0x59
 .rodata.cli_event_cmd.str1.1
                0x0000000002370eec       0x59 armino/bk_cli/libbk_cli.a(cli_event.c.obj)
                                         0x62 (size before relaxing)

.rodata.__FUNCTION__.2
                0x0000000002370f45       0x8b
 .rodata.__FUNCTION__.2
                0x0000000002370f45        0xe armino/bk_cli/libbk_cli.a(cli_event.c.obj)
 .rodata.__FUNCTION__.2
                0x0000000002370f53       0x15 armino/bk_event/libbk_event.a(event.c.obj)
 .rodata.__FUNCTION__.2
                0x0000000002370f68       0x18 armino/bk_rtos/libbk_rtos.a(rtos_pub.c.obj)
 .rodata.__FUNCTION__.2
                0x0000000002370f80       0x1d armino/bk_rtos/libbk_rtos.a(rtos_debug.c.obj)
 .rodata.__FUNCTION__.2
                0x0000000002370f9d        0xd armino/os_source/libos_source.a(queue.c.obj)
 .rodata.__FUNCTION__.2
                0x0000000002370faa       0x12 armino/os_source/libos_source.a(port.c.obj)
 .rodata.__FUNCTION__.2
                0x0000000002370fbc       0x14 armino/driver/libdriver.a(uart_driver.c.obj)

.rodata.s_event_commands
                0x0000000002370fd0        0xc
 .rodata.s_event_commands
                0x0000000002370fd0        0xc armino/bk_cli/libbk_cli.a(cli_event.c.obj)

.rodata.register_cb_to_cb_list.str1.1
                0x0000000002370fdc       0x23
 .rodata.register_cb_to_cb_list.str1.1
                0x0000000002370fdc       0x23 armino/bk_event/libbk_event.a(event.c.obj)

.rodata.register_cb_to_event_node_list.str1.1
                0x0000000002370fff       0x1c
 .rodata.register_cb_to_event_node_list.str1.1
                0x0000000002370fff       0x1c armino/bk_event/libbk_event.a(event.c.obj)

.rodata.event_task.str1.1
                0x000000000237101b       0x3c
 .rodata.event_task.str1.1
                0x000000000237101b       0x3c armino/bk_event/libbk_event.a(event.c.obj)

.rodata.bk_event_init.str1.1
                0x0000000002371057       0x42
 .rodata.bk_event_init.str1.1
                0x0000000002371057       0x42 armino/bk_event/libbk_event.a(event.c.obj)

.rodata.bk_event_register_cb.str1.1
                0x0000000002371099       0x10
 .rodata.bk_event_register_cb.str1.1
                0x0000000002371099       0x10 armino/bk_event/libbk_event.a(event.c.obj)

.rodata.bk_event_unregister_cb.str1.1
                0x00000000023710a9       0x21
 .rodata.bk_event_unregister_cb.str1.1
                0x00000000023710a9       0x21 armino/bk_event/libbk_event.a(event.c.obj)

.rodata.__FUNCTION__.10
                0x00000000023710ca       0x3e
 .rodata.__FUNCTION__.10
                0x00000000023710ca        0xc armino/bk_event/libbk_event.a(event.c.obj)
 .rodata.__FUNCTION__.10
                0x00000000023710d6        0xe armino/os_source/libos_source.a(queue.c.obj)
 .rodata.__FUNCTION__.10
                0x00000000023710e4       0x24 armino/os_source/libos_source.a(tasks.c.obj)

.rodata.__FUNCTION__.11
                0x0000000002371108       0x35
 .rodata.__FUNCTION__.11
                0x0000000002371108        0xb armino/bk_event/libbk_event.a(event.c.obj)
 .rodata.__FUNCTION__.11
                0x0000000002371113       0x12 armino/os_source/libos_source.a(queue.c.obj)
 .rodata.__FUNCTION__.11
                0x0000000002371125       0x18 armino/os_source/libos_source.a(tasks.c.obj)

.rodata.__FUNCTION__.3
                0x000000000237113d       0x4c
 .rodata.__FUNCTION__.3
                0x000000000237113d       0x19 armino/bk_event/libbk_event.a(event.c.obj)
 .rodata.__FUNCTION__.3
                0x0000000002371156       0x12 armino/bk_rtos/libbk_rtos.a(rtos_debug.c.obj)
 .rodata.__FUNCTION__.3
                0x0000000002371168       0x14 armino/os_source/libos_source.a(heap_4.c.obj)
 .rodata.__FUNCTION__.3
                0x000000000237117c        0xd armino/driver/libdriver.a(uart_driver.c.obj)

.rodata.__FUNCTION__.4
                0x0000000002371189       0x35
 .rodata.__FUNCTION__.4
                0x0000000002371189        0xb armino/bk_event/libbk_event.a(event.c.obj)
 .rodata.__FUNCTION__.4
                0x0000000002371194        0xc armino/bk_rtos/libbk_rtos.a(platform_stub.c.obj)
 .rodata.__FUNCTION__.4
                0x00000000023711a0       0x13 armino/os_source/libos_source.a(heap_4.c.obj)
 .rodata.__FUNCTION__.4
                0x00000000023711b3        0xb armino/driver/libdriver.a(uart_driver.c.obj)

.rodata.__FUNCTION__.5
                0x00000000023711be       0x47
 .rodata.__FUNCTION__.5
                0x00000000023711be       0x23 armino/bk_event/libbk_event.a(event.c.obj)
 .rodata.__FUNCTION__.5
                0x00000000023711e1       0x17 armino/os_source/libos_source.a(queue.c.obj)
 .rodata.__FUNCTION__.5
                0x00000000023711f8        0xd armino/os_source/libos_source.a(heap_4.c.obj)

.rodata.__FUNCTION__.6
                0x0000000002371205       0x2f
 .rodata.__FUNCTION__.6
                0x0000000002371205       0x1b armino/bk_event/libbk_event.a(event.c.obj)
 .rodata.__FUNCTION__.6
                0x0000000002371220       0x14 armino/os_source/libos_source.a(heap_4.c.obj)

.rodata.__FUNCTION__.7
                0x0000000002371234       0x1e
 .rodata.__FUNCTION__.7
                0x0000000002371234        0xe armino/bk_event/libbk_event.a(event.c.obj)
 .rodata.__FUNCTION__.7
                0x0000000002371242       0x10 armino/os_source/libos_source.a(heap_4.c.obj)

.rodata.__FUNCTION__.8
                0x0000000002371252       0x34
 .rodata.__FUNCTION__.8
                0x0000000002371252       0x1f armino/bk_event/libbk_event.a(event.c.obj)
 .rodata.__FUNCTION__.8
                0x0000000002371271       0x15 armino/os_source/libos_source.a(tasks.c.obj)

.rodata.__FUNCTION__.9
                0x0000000002371286       0x59
 .rodata.__FUNCTION__.9
                0x0000000002371286       0x17 armino/bk_event/libbk_event.a(event.c.obj)
 .rodata.__FUNCTION__.9
                0x000000000237129d        0xa armino/bk_rtos/libbk_rtos.a(mem_arch.c.obj)
 .rodata.__FUNCTION__.9
                0x00000000023712a7       0x14 armino/os_source/libos_source.a(queue.c.obj)
 .rodata.__FUNCTION__.9
                0x00000000023712bb        0xa armino/os_source/libos_source.a(tasks.c.obj)
 .rodata.__FUNCTION__.9
                0x00000000023712c5       0x1a armino/os_source/libos_source.a(heap_4.c.obj)

.rodata.pm_sleep_cb_push_item.constprop.0.isra.0.str1.1
                0x00000000023712df       0x83
 .rodata.pm_sleep_cb_push_item.constprop.0.isra.0.str1.1
                0x00000000023712df       0x83 armino/bk_pm/libbk_pm.a(pm.c.obj)

.rodata.bk_pm_sleep_register_cb.str1.1
                0x0000000002371362       0x35
 .rodata.bk_pm_sleep_register_cb.str1.1
                0x0000000002371362       0x35 armino/bk_pm/libbk_pm.a(pm.c.obj)

.rodata.main.str1.1
                0x0000000002371397       0x5a
 .rodata.main.str1.1
                0x0000000002371397       0x5a armino/main/libmain.a(app_main.c.obj)

.rodata.webrtc_mailbox_cpu1_cpu2_rx_isr.str1.1
                0x00000000023713f1       0x17
 .rodata.webrtc_mailbox_cpu1_cpu2_rx_isr.str1.1
                0x00000000023713f1       0x17 armino/main/libmain.a(webrtc_main.c.obj)

.rodata.webrtc_mailbox_cpu2_cpu1_send_media_req_msg.str1.1
                0x0000000002371408       0x2a
 .rodata.webrtc_mailbox_cpu2_cpu1_send_media_req_msg.str1.1
                0x0000000002371408       0x2a armino/main/libmain.a(webrtc_main.c.obj)

.rodata.webrtc_mailbox_cpu2_cpu1_send_media_response_msg.str1.1
                0x0000000002371432       0x11
 .rodata.webrtc_mailbox_cpu2_cpu1_send_media_response_msg.str1.1
                0x0000000002371432       0x11 armino/main/libmain.a(webrtc_main.c.obj)

.rodata.webrtc_handle_cpu1_cpu2_req_rx.str1.1
                0x0000000002371443       0x75
 .rodata.webrtc_handle_cpu1_cpu2_req_rx.str1.1
                0x0000000002371443       0x75 armino/main/libmain.a(webrtc_main.c.obj)

.rodata.webrtc_mailbox_init.str1.1
                0x00000000023714b8       0xc3
 .rodata.webrtc_mailbox_init.str1.1
                0x00000000023714b8       0xc3 armino/main/libmain.a(webrtc_main.c.obj)

.rodata.runhua_main.str1.1
                0x000000000237157b       0x51
 .rodata.runhua_main.str1.1
                0x000000000237157b       0x51 armino/main/libmain.a(webrtc_main.c.obj)

.rodata.webrtc_run.str1.1
                0x00000000023715cc       0x49
 .rodata.webrtc_run.str1.1
                0x00000000023715cc       0x49 armino/main/libmain.a(webrtc_main.c.obj)

.rodata.__func__.1
                0x0000000002371615        0xc
 .rodata.__func__.1
                0x0000000002371615        0xc armino/main/libmain.a(webrtc_main.c.obj)

.rodata.__func__.2
                0x0000000002371621       0x20
 .rodata.__func__.2
                0x0000000002371621       0x20 armino/main/libmain.a(webrtc_main.c.obj)

.rodata.__func__.3
                0x0000000002371641       0x1f
 .rodata.__func__.3
                0x0000000002371641       0x1f armino/main/libmain.a(webrtc_main.c.obj)

.rodata.__func__.4
                0x0000000002371660       0x31
 .rodata.__func__.4
                0x0000000002371660       0x31 armino/main/libmain.a(webrtc_main.c.obj)

.rodata.__func__.5
                0x0000000002371691       0x2c
 .rodata.__func__.5
                0x0000000002371691       0x2c armino/main/libmain.a(webrtc_main.c.obj)

.rodata.webrtc_motion_reset.str1.1
                0x00000000023716bd       0x24
 .rodata.webrtc_motion_reset.str1.1
                0x00000000023716bd       0x24 armino/main/libmain.a(webrtc_motion.c.obj)

.rodata.webrtc_motion_input_frame.str1.1
                0x00000000023716e1       0x6c
 .rodata.webrtc_motion_input_frame.str1.1
                0x00000000023716e1       0x6c armino/main/libmain.a(webrtc_motion.c.obj)

.rodata.rtc_bk_malloc.str1.1
                0x000000000237174d       0x1f
 .rodata.rtc_bk_malloc.str1.1
                0x000000000237174d       0x1f armino/project_defs/libproject_defs.a(rtc_bk.c.obj)

.rodata         0x000000000237176c       0x6c
 .rodata        0x000000000237176c       0x60 armino/bk7258_cp2/libbk7258_cp2.a(aon_pmu_hal.c.obj)
 .rodata        0x00000000023717cc        0xc armino/driver/libdriver.a(printf.c.obj)

.rodata.hal_chn0_drv
                0x00000000023717d8       0x20
 .rodata.hal_chn0_drv
                0x00000000023717d8       0x20 armino/common/libcommon.a(mbox0_hal.c.obj)
                0x00000000023717d8                hal_chn0_drv

.rodata.hal_chn1_drv
                0x00000000023717f8       0x20
 .rodata.hal_chn1_drv
                0x00000000023717f8       0x20 armino/common/libcommon.a(mbox0_hal.c.obj)
                0x00000000023717f8                hal_chn1_drv

.rodata.hal_chn2_drv
                0x0000000002371818       0x20
 .rodata.hal_chn2_drv
                0x0000000002371818       0x20 armino/common/libcommon.a(mbox0_hal.c.obj)
                0x0000000002371818                hal_chn2_drv

.rodata.rtos_create_thread.str1.1
                0x0000000002371838       0x17
 .rodata.rtos_create_thread.str1.1
                0x0000000002371838       0x17 armino/bk_rtos/libbk_rtos.a(rtos_pub.c.obj)

.rodata.__FUNCTION__.13
                0x000000000237184f       0x3b
 .rodata.__FUNCTION__.13
                0x000000000237184f       0x14 armino/bk_rtos/libbk_rtos.a(rtos_pub.c.obj)
 .rodata.__FUNCTION__.13
                0x0000000002371863       0x12 armino/os_source/libos_source.a(queue.c.obj)
 .rodata.__FUNCTION__.13
                0x0000000002371875       0x15 armino/os_source/libos_source.a(tasks.c.obj)

.rodata.__FUNCTION__.15
                0x000000000237188a       0x13
 .rodata.__FUNCTION__.15
                0x000000000237188a       0x13 armino/bk_rtos/libbk_rtos.a(rtos_pub.c.obj)

.rodata.__FUNCTION__.16
                0x000000000237189d       0x46
 .rodata.__FUNCTION__.16
                0x000000000237189d       0x12 armino/bk_rtos/libbk_rtos.a(rtos_pub.c.obj)
 .rodata.__FUNCTION__.16
                0x00000000023718af       0x19 armino/os_source/libos_source.a(tasks.c.obj)
 .rodata.__FUNCTION__.16
                0x00000000023718c8       0x1b armino/os_source/libos_source.a(timers.c.obj)

.rodata.__FUNCTION__.18
                0x00000000023718e3       0x3a
 .rodata.__FUNCTION__.18
                0x00000000023718e3       0x10 armino/bk_rtos/libbk_rtos.a(rtos_pub.c.obj)
 .rodata.__FUNCTION__.18
                0x00000000023718f3       0x14 armino/os_source/libos_source.a(queue.c.obj)
 .rodata.__FUNCTION__.18
                0x0000000002371907       0x16 armino/os_source/libos_source.a(timers.c.obj)

.rodata.__FUNCTION__.19
                0x000000000237191d       0x43
 .rodata.__FUNCTION__.19
                0x000000000237191d       0x13 armino/bk_rtos/libbk_rtos.a(rtos_pub.c.obj)
 .rodata.__FUNCTION__.19
                0x0000000002371930       0x1a armino/os_source/libos_source.a(queue.c.obj)
 .rodata.__FUNCTION__.19
                0x000000000237194a       0x16 armino/os_source/libos_source.a(tasks.c.obj)

.rodata.__FUNCTION__.20
                0x0000000002371960       0x39
 .rodata.__FUNCTION__.20
                0x0000000002371960       0x13 armino/bk_rtos/libbk_rtos.a(rtos_pub.c.obj)
 .rodata.__FUNCTION__.20
                0x0000000002371973       0x13 armino/os_source/libos_source.a(queue.c.obj)
 .rodata.__FUNCTION__.20
                0x0000000002371986       0x13 armino/os_source/libos_source.a(tasks.c.obj)

.rodata.__FUNCTION__.25
                0x0000000002371999       0x13
 .rodata.__FUNCTION__.25
                0x0000000002371999       0x13 armino/bk_rtos/libbk_rtos.a(rtos_pub.c.obj)

.rodata.__FUNCTION__.26
                0x00000000023719ac       0x27
 .rodata.__FUNCTION__.26
                0x00000000023719ac       0x19 armino/bk_rtos/libbk_rtos.a(rtos_pub.c.obj)
 .rodata.__FUNCTION__.26
                0x00000000023719c5        0xe armino/os_source/libos_source.a(tasks.c.obj)

.rodata.__FUNCTION__.27
                0x00000000023719d3       0x22
 .rodata.__FUNCTION__.27
                0x00000000023719d3       0x13 armino/bk_rtos/libbk_rtos.a(rtos_pub.c.obj)
 .rodata.__FUNCTION__.27
                0x00000000023719e6        0xf armino/os_source/libos_source.a(tasks.c.obj)

.rodata.stack_thread_show.str1.1
                0x00000000023719f5       0xa0
 .rodata.stack_thread_show.str1.1
                0x00000000023719f5       0xa0 armino/bk_rtos/libbk_rtos.a(rtos_debug.c.obj)

.rodata.rtos_dump_stack_memory_usage.str1.1
                0x0000000002371a95       0x80
 .rodata.rtos_dump_stack_memory_usage.str1.1
                0x0000000002371a95       0x80 armino/bk_rtos/libbk_rtos.a(rtos_debug.c.obj)

.rodata.rtos_dump_backtrace.str1.1
                0x0000000002371b15       0x95
 .rodata.rtos_dump_backtrace.str1.1
                0x0000000002371b15       0x95 armino/bk_rtos/libbk_rtos.a(rtos_debug.c.obj)
                                         0x98 (size before relaxing)

.rodata.rtos_dump_task_runtime_stats.str1.1
                0x0000000002371baa       0x57
 .rodata.rtos_dump_task_runtime_stats.str1.1
                0x0000000002371baa       0x57 armino/bk_rtos/libbk_rtos.a(rtos_debug.c.obj)

.rodata.rtos_dump_task_list.str1.1
                0x0000000002371c01       0x90
 .rodata.rtos_dump_task_list.str1.1
                0x0000000002371c01       0x90 armino/bk_rtos/libbk_rtos.a(rtos_debug.c.obj)

.rodata.rtos_stack_overflow.str1.1
                0x0000000002371c91       0x2c
 .rodata.rtos_stack_overflow.str1.1
                0x0000000002371c91       0x2c armino/bk_rtos/libbk_rtos.a(rtos_debug.c.obj)

.rodata.os_memmove.str1.1
                0x0000000002371cbd       0x17
 .rodata.os_memmove.str1.1
                0x0000000002371cbd       0x17 armino/bk_rtos/libbk_rtos.a(mem_arch.c.obj)

.rodata.os_malloc_debug.str1.1
                0x0000000002371cd4       0x25
 .rodata.os_malloc_debug.str1.1
                0x0000000002371cd4       0x25 armino/bk_rtos/libbk_rtos.a(mem_arch.c.obj)

.rodata.os_free_debug.str1.1
                0x0000000002371cf9       0x23
 .rodata.os_free_debug.str1.1
                0x0000000002371cf9       0x23 armino/bk_rtos/libbk_rtos.a(mem_arch.c.obj)

.rodata.xQueueGenericReset.str1.1
                0x0000000002371d1c       0x17
 .rodata.xQueueGenericReset.str1.1
                0x0000000002371d1c       0x17 armino/os_source/libos_source.a(queue.c.obj)

.rodata.__FUNCTION__.12
                0x0000000002371d33       0x3b
 .rodata.__FUNCTION__.12
                0x0000000002371d33       0x19 armino/os_source/libos_source.a(queue.c.obj)
 .rodata.__FUNCTION__.12
                0x0000000002371d4c       0x22 armino/os_source/libos_source.a(tasks.c.obj)

.rodata.__FUNCTION__.14
                0x0000000002371d6e       0x1e
 .rodata.__FUNCTION__.14
                0x0000000002371d6e       0x1e armino/os_source/libos_source.a(queue.c.obj)

.rodata.prvTaskIsTaskSuspended.str1.1
                0x0000000002371d8c       0x17
 .rodata.prvTaskIsTaskSuspended.str1.1
                0x0000000002371d8c       0x17 armino/os_source/libos_source.a(tasks.c.obj)

.rodata.vTaskStartScheduler.str1.1
                0x0000000002371da3        0x5
 .rodata.vTaskStartScheduler.str1.1
                0x0000000002371da3        0x5 armino/os_source/libos_source.a(tasks.c.obj)

.rodata.vTaskList.str1.1
                0x0000000002371da8        0xf
 .rodata.vTaskList.str1.1
                0x0000000002371da8        0xf armino/os_source/libos_source.a(tasks.c.obj)

.rodata.vTaskGetRunTimeStats.str1.1
                0x0000000002371db7       0x18
 .rodata.vTaskGetRunTimeStats.str1.1
                0x0000000002371db7       0x18 armino/os_source/libos_source.a(tasks.c.obj)

.rodata.CSWTCH.265
                0x0000000002371dcf        0x5
 .rodata.CSWTCH.265
                0x0000000002371dcf        0x5 armino/os_source/libos_source.a(tasks.c.obj)

.rodata.__FUNCTION__.17
                0x0000000002371dd4       0x20
 .rodata.__FUNCTION__.17
                0x0000000002371dd4       0x20 armino/os_source/libos_source.a(tasks.c.obj)

.rodata.__FUNCTION__.21
                0x0000000002371df4       0x13
 .rodata.__FUNCTION__.21
                0x0000000002371df4       0x13 armino/os_source/libos_source.a(tasks.c.obj)

.rodata.__FUNCTION__.28
                0x0000000002371e07       0x14
 .rodata.__FUNCTION__.28
                0x0000000002371e07       0x14 armino/os_source/libos_source.a(tasks.c.obj)

.rodata.__FUNCTION__.34
                0x0000000002371e1b        0xe
 .rodata.__FUNCTION__.34
                0x0000000002371e1b        0xe armino/os_source/libos_source.a(tasks.c.obj)

.rodata.__FUNCTION__.35
                0x0000000002371e29        0xb
 .rodata.__FUNCTION__.35
                0x0000000002371e29        0xb armino/os_source/libos_source.a(tasks.c.obj)

.rodata.__FUNCTION__.37
                0x0000000002371e34        0xd
 .rodata.__FUNCTION__.37
                0x0000000002371e34        0xd armino/os_source/libos_source.a(tasks.c.obj)

.rodata.__FUNCTION__.38
                0x0000000002371e41        0xc
 .rodata.__FUNCTION__.38
                0x0000000002371e41        0xc armino/os_source/libos_source.a(tasks.c.obj)

.rodata.__FUNCTION__.39
                0x0000000002371e4d        0xf
 .rodata.__FUNCTION__.39
                0x0000000002371e4d        0xf armino/os_source/libos_source.a(tasks.c.obj)

.rodata.__FUNCTION__.40
                0x0000000002371e5c       0x15
 .rodata.__FUNCTION__.40
                0x0000000002371e5c       0x15 armino/os_source/libos_source.a(tasks.c.obj)

.rodata.__FUNCTION__.41
                0x0000000002371e71       0x12
 .rodata.__FUNCTION__.41
                0x0000000002371e71       0x12 armino/os_source/libos_source.a(tasks.c.obj)

.rodata.prvInitialiseNewTimer.str1.1
                0x0000000002371e83       0x17
 .rodata.prvInitialiseNewTimer.str1.1
                0x0000000002371e83       0x17 armino/os_source/libos_source.a(timers.c.obj)

.rodata.xTimerCreateTimerTask.str1.1
                0x0000000002371e9a        0x8
 .rodata.xTimerCreateTimerTask.str1.1
                0x0000000002371e9a        0x8 armino/os_source/libos_source.a(timers.c.obj)

.rodata.show_mem_info.str1.1
                0x0000000002371ea2       0x2e
 .rodata.show_mem_info.str1.1
                0x0000000002371ea2       0x2e armino/os_source/libos_source.a(heap_4.c.obj)

.rodata.mem_overflow_check.str1.1
                0x0000000002371ed0       0x4b
 .rodata.mem_overflow_check.str1.1
                0x0000000002371ed0       0x4b armino/os_source/libos_source.a(heap_4.c.obj)

.rodata.psram_malloc_cm.str1.1
                0x0000000002371f1b        0x3
 .rodata.psram_malloc_cm.str1.1
                0x0000000002371f1b        0x3 armino/os_source/libos_source.a(heap_4.c.obj)

.rodata.bk_psram_heap_get_used_state.str1.1
                0x0000000002371f1e       0x8a
 .rodata.bk_psram_heap_get_used_state.str1.1
                0x0000000002371f1e       0x8a armino/os_source/libos_source.a(heap_4.c.obj)
                                         0xbc (size before relaxing)

.rodata.prvTaskExitError.str1.1
                0x0000000002371fa8       0x24
 .rodata.prvTaskExitError.str1.1
                0x0000000002371fa8       0x24 armino/os_source/libos_source.a(port.c.obj)

.rodata.vPortExitCritical.str1.1
                0x0000000002371fcc       0x17
 .rodata.vPortExitCritical.str1.1
                0x0000000002371fcc       0x17 armino/os_source/libos_source.a(port.c.obj)

.rodata.dump_stack.str1.1
                0x0000000002371fe3       0xb4
 .rodata.dump_stack.str1.1
                0x0000000002371fe3       0xb4 armino/coredump/libcoredump.a(cm_backtrace.c.obj)

.rodata.cm_backtrace_init.str1.1
                0x0000000002372097       0x62
 .rodata.cm_backtrace_init.str1.1
                0x0000000002372097       0x62 armino/coredump/libcoredump.a(cm_backtrace.c.obj)

.rodata.cm_backtrace_firmware_info.str1.1
                0x00000000023720f9       0x3e
 .rodata.cm_backtrace_firmware_info.str1.1
                0x00000000023720f9       0x3e armino/coredump/libcoredump.a(cm_backtrace.c.obj)

.rodata.print_call_stack.str1.1
                0x0000000002372137       0x75
 .rodata.print_call_stack.str1.1
                0x0000000002372137       0x75 armino/coredump/libcoredump.a(cm_backtrace.c.obj)

.rodata.cm_backtrace_assert.str1.1
                0x00000000023721ac       0x75
 .rodata.cm_backtrace_assert.str1.1
                0x00000000023721ac       0x75 armino/coredump/libcoredump.a(cm_backtrace.c.obj)
                                         0x76 (size before relaxing)

.rodata.cm_backtrace_fault.str1.1
                0x0000000002372221      0x74b
 .rodata.cm_backtrace_fault.str1.1
                0x0000000002372221      0x74b armino/coredump/libcoredump.a(cm_backtrace.c.obj)

.rodata.uart_write_byte_for_fr.str1.1
                0x000000000237296c       0x23
 .rodata.uart_write_byte_for_fr.str1.1
                0x000000000237296c       0x23 armino/driver/libdriver.a(uart_driver.c.obj)

.rodata.bk_uart_init.str1.1
                0x000000000237298f       0xc9
 .rodata.bk_uart_init.str1.1
                0x000000000237298f       0xc9 armino/driver/libdriver.a(uart_driver.c.obj)

.rodata.CSWTCH.39
                0x0000000002372a58        0x3
 .rodata.CSWTCH.39
                0x0000000002372a58        0x3 armino/driver/libdriver.a(uart_driver.c.obj)

.rodata.fmtstr.str1.1
                0x0000000002372a5b        0x7
 .rodata.fmtstr.str1.1
                0x0000000002372a5b        0x7 armino/driver/libdriver.a(printf.c.obj)

.rodata.fmtint.str1.1
                0x0000000002372a62       0x22
 .rodata.fmtint.str1.1
                0x0000000002372a62       0x22 armino/driver/libdriver.a(printf.c.obj)

.rodata.fmtflt.str1.1
                0x0000000002372a84       0x10
 .rodata.fmtflt.str1.1
                0x0000000002372a84       0x10 armino/driver/libdriver.a(printf.c.obj)

.rodata.__wrap_vsnprintf.str1.1
                0x0000000002372a94       0x11
 .rodata.__wrap_vsnprintf.str1.1
                0x0000000002372a94       0x11 armino/driver/libdriver.a(printf.c.obj)

.rodata.hexCharL.1
                0x0000000002372aa5       0x10
 .rodata.hexCharL.1
                0x0000000002372aa5       0x10 armino/driver/libdriver.a(printf.c.obj)

.rodata.hexCharU.2
                0x0000000002372ab5       0x10
 .rodata.hexCharU.2
                0x0000000002372ab5       0x10 armino/driver/libdriver.a(printf.c.obj)

.rodata.__stack_chk_fail.str1.1
                0x0000000002372ac5       0x47
 .rodata.__stack_chk_fail.str1.1
                0x0000000002372ac5       0x47 armino/bk_init/libbk_init.a(components_init.c.obj)

.rodata.cli_memory_free_cmd.str1.1
                0x0000000002372b0c       0x67
 .rodata.cli_memory_free_cmd.str1.1
                0x0000000002372b0c       0x67 armino/bk_cli/libbk_cli.a(cli_mem.c.obj)

.rodata.cli_psram_malloc_cmd.str1.1
                0x0000000002372b73       0x38
 .rodata.cli_psram_malloc_cmd.str1.1
                0x0000000002372b73       0x38 armino/bk_cli/libbk_cli.a(cli_mem.c.obj)

.rodata.cli_psram_free_cmd.str1.1
                0x0000000002372bab       0x33
 .rodata.cli_psram_free_cmd.str1.1
                0x0000000002372bab       0x33 armino/bk_cli/libbk_cli.a(cli_mem.c.obj)

.rodata.s_mem_commands
                0x0000000002372be0       0x48
 .rodata.s_mem_commands
                0x0000000002372be0       0x48 armino/bk_cli/libbk_cli.a(cli_mem.c.obj)

.rodata.cli_assert_dump_cmd.str1.1
                0x0000000002372c28       0x17
 .rodata.cli_assert_dump_cmd.str1.1
                0x0000000002372c28       0x17 armino/bk_cli/libbk_cli.a(cli_os.c.obj)

.rodata.s_os_commands
                0x0000000002372c40       0x48
 .rodata.s_os_commands
                0x0000000002372c40       0x48 armino/bk_cli/libbk_cli.a(cli_os.c.obj)

.rodata.gpio_hal_map_check.str1.1
                0x0000000002372c88       0x4e
 .rodata.gpio_hal_map_check.str1.1
                0x0000000002372c88       0x4e armino/common/libcommon.a(gpio_hal.c.obj)

.rodata.gpio_hal_func_map.str1.1
                0x0000000002372cd6       0x24
 .rodata.gpio_hal_func_map.str1.1
                0x0000000002372cd6       0x24 armino/common/libcommon.a(gpio_hal.c.obj)

.rodata.gpio_map_table
                0x0000000002372cfa      0x3f0
 .rodata.gpio_map_table
                0x0000000002372cfa      0x3f0 armino/common/libcommon.a(gpio_hal.c.obj)

.rodata.driver_init.str1.1
                0x00000000023730ea       0x12
 .rodata.driver_init.str1.1
                0x00000000023730ea       0x12 armino/driver/libdriver.a(driver.c.obj)

.rodata.dma_isr_common.str1.1
                0x00000000023730fc       0x4c
 .rodata.dma_isr_common.str1.1
                0x00000000023730fc       0x4c armino/driver/libdriver.a(dma_driver.c.obj)

.rodata._ctype_
                0x0000000002373148      0x101
 .rodata._ctype_
                0x0000000002373148      0x101 /opt/gcc-arm-none-eabi-10.3-2021.10/bin/../lib/gcc/arm-none-eabi/10.3.1/../../../../arm-none-eabi/lib/thumb/v8-m.main+fp/hard/libc.a(lib_a-ctype_.o)
                0x0000000002373148                _ctype_

.gnu.sgstubs    0x0000000002373260        0x0
 *(.gnu.sgstubs*)
                0x0000000002373260                . = ALIGN (0x20)

.text           0x000000000237324c      0xef0
                0x000000000237324c                . = ALIGN (0x4)
                0x000000000237324c                _stext = .
                0x000000000237324c                . = ALIGN (0x4)
                0x000000000237324c                __devconfig_start = .
 *(.devconfig.*)
 *(SORT_BY_NAME(.devconfig*))
                0x000000000237324c                __devconfig_end = .
                0x000000000237324c                . = ALIGN (0x4)
                0x000000000237324c                __apps_start = .
 *(.apps_data)
                0x000000000237324c                __apps_end = .
                0x000000000237324c                _etext = .
                0x000000000237324c                . = ALIGN (0x4)
 .text          0x000000000237324c      0x378 /opt/gcc-arm-none-eabi-10.3-2021.10/bin/../lib/gcc/arm-none-eabi/10.3.1/thumb/v8-m.main+fp/hard/libgcc.a(_arm_addsubdf3.o)
                0x000000000237324c                __aeabi_drsub
                0x0000000002373254                __aeabi_dsub
                0x0000000002373254                __subdf3
                0x0000000002373258                __adddf3
                0x0000000002373258                __aeabi_dadd
                0x00000000023734d0                __aeabi_ui2d
                0x00000000023734d0                __floatunsidf
                0x00000000023734f0                __floatsidf
                0x00000000023734f0                __aeabi_i2d
                0x0000000002373514                __extendsfdf2
                0x0000000002373514                __aeabi_f2d
                0x0000000002373558                __aeabi_ul2d
                0x0000000002373558                __floatundidf
                0x0000000002373568                __floatdidf
                0x0000000002373568                __aeabi_l2d
 .text          0x00000000023735c4      0x424 /opt/gcc-arm-none-eabi-10.3-2021.10/bin/../lib/gcc/arm-none-eabi/10.3.1/thumb/v8-m.main+fp/hard/libgcc.a(_arm_muldivdf3.o)
                0x00000000023735c4                __aeabi_dmul
                0x00000000023735c4                __muldf3
                0x0000000002373818                __aeabi_ddiv
                0x0000000002373818                __divdf3
 .text          0x00000000023739e8      0x110 /opt/gcc-arm-none-eabi-10.3-2021.10/bin/../lib/gcc/arm-none-eabi/10.3.1/thumb/v8-m.main+fp/hard/libgcc.a(_arm_cmpdf2.o)
                0x00000000023739e8                __gtdf2
                0x00000000023739e8                __gedf2
                0x00000000023739f0                __ltdf2
                0x00000000023739f0                __ledf2
                0x00000000023739f8                __cmpdf2
                0x00000000023739f8                __eqdf2
                0x00000000023739f8                __nedf2
                0x0000000002373a74                __aeabi_cdrcmple
                0x0000000002373a84                __aeabi_cdcmple
                0x0000000002373a84                __aeabi_cdcmpeq
                0x0000000002373a94                __aeabi_dcmpeq
                0x0000000002373aa8                __aeabi_dcmplt
                0x0000000002373abc                __aeabi_dcmple
                0x0000000002373ad0                __aeabi_dcmpge
                0x0000000002373ae4                __aeabi_dcmpgt
 .text          0x0000000002373af8       0x40 /opt/gcc-arm-none-eabi-10.3-2021.10/bin/../lib/gcc/arm-none-eabi/10.3.1/thumb/v8-m.main+fp/hard/libgcc.a(_arm_fixunsdfsi.o)
                0x0000000002373af8                __fixunsdfsi
                0x0000000002373af8                __aeabi_d2uiz
 .text          0x0000000002373b38       0x30 /opt/gcc-arm-none-eabi-10.3-2021.10/bin/../lib/gcc/arm-none-eabi/10.3.1/thumb/v8-m.main+fp/hard/libgcc.a(_aeabi_uldivmod.o)
                0x0000000002373b38                __aeabi_uldivmod
 .text          0x0000000002373b68       0x3c /opt/gcc-arm-none-eabi-10.3-2021.10/bin/../lib/gcc/arm-none-eabi/10.3.1/thumb/v8-m.main+fp/hard/libgcc.a(_fixunsdfdi.o)
                0x0000000002373b68                __aeabi_d2ulz
                0x0000000002373b68                __fixunsdfdi
 .text          0x0000000002373ba4      0x2ec /opt/gcc-arm-none-eabi-10.3-2021.10/bin/../lib/gcc/arm-none-eabi/10.3.1/thumb/v8-m.main+fp/hard/libgcc.a(_udivmoddi4.o)
                0x0000000002373ba4                __udivmoddi4
 .text          0x0000000002373e90        0x4 /opt/gcc-arm-none-eabi-10.3-2021.10/bin/../lib/gcc/arm-none-eabi/10.3.1/thumb/v8-m.main+fp/hard/libgcc.a(_dvmd_tls.o)
                0x0000000002373e90                __aeabi_ldiv0
                0x0000000002373e90                __aeabi_idiv0
 .text          0x0000000002373e94       0xec /opt/gcc-arm-none-eabi-10.3-2021.10/bin/../lib/gcc/arm-none-eabi/10.3.1/../../../../arm-none-eabi/lib/thumb/v8-m.main+fp/hard/libc.a(lib_a-memcpy.o)
                0x0000000002373e94                memcpy
 .text          0x0000000002373f80      0x1bc /opt/gcc-arm-none-eabi-10.3-2021.10/bin/../lib/gcc/arm-none-eabi/10.3.1/../../../../arm-none-eabi/lib/thumb/v8-m.main+fp/hard/libc.a(lib_a-strcmp.o)
                0x0000000002373f80                strcmp

.glue_7         0x000000000237413c        0x0
 .glue_7        0x000000000237413c        0x0 linker stubs

.glue_7t        0x000000000237413c        0x0
 .glue_7t       0x000000000237413c        0x0 linker stubs

.vfp11_veneer   0x000000000237413c        0x0
 .vfp11_veneer  0x000000000237413c        0x0 linker stubs

.v4_bx          0x000000000237413c        0x0
 .v4_bx         0x000000000237413c        0x0 linker stubs

.text.HardFault_Handler
                0x000000000237413c       0x12
 .text.HardFault_Handler
                0x000000000237413c       0x12 armino/cmsis/libcmsis.a(startup_bk7236.c.obj)
                0x000000000237413c                HardFault_Handler

.text.MemManage_Handler
                0x000000000237414e       0x12
 .text.MemManage_Handler
                0x000000000237414e       0x12 armino/cmsis/libcmsis.a(startup_bk7236.c.obj)
                0x000000000237414e                MemManage_Handler

.text.BusFault_Handler
                0x0000000002374160       0x12
 .text.BusFault_Handler
                0x0000000002374160       0x12 armino/cmsis/libcmsis.a(startup_bk7236.c.obj)
                0x0000000002374160                BusFault_Handler

.text.UsageFault_Handler
                0x0000000002374172       0x12
 .text.UsageFault_Handler
                0x0000000002374172       0x12 armino/cmsis/libcmsis.a(startup_bk7236.c.obj)
                0x0000000002374172                UsageFault_Handler

.text.SecureFault_Handler
                0x0000000002374184       0x12
 .text.SecureFault_Handler
                0x0000000002374184       0x12 armino/cmsis/libcmsis.a(startup_bk7236.c.obj)
                0x0000000002374184                SecureFault_Handler

.text.DebugMon_Handler
                0x0000000002374196       0x12
 .text.DebugMon_Handler
                0x0000000002374196       0x12 armino/cmsis/libcmsis.a(startup_bk7236.c.obj)
                0x0000000002374196                DebugMon_Handler

.text._start    0x00000000023741a8       0xcc
 .text._start   0x00000000023741a8       0xcc armino/cmsis/libcmsis.a(startup_bk7236.c.obj)
                0x00000000023741a8                _start

.fix.reset_entry
                0x0000000002374274       0xb8
 .fix.reset_entry
                0x0000000002374274       0xb8 armino/cmsis/libcmsis.a(startup_bk7236.c.obj)
                0x0000000002374274                Reset_Handler

.text.user_nmi_handler
                0x000000000237432c       0x28
 .text.user_nmi_handler
                0x000000000237432c       0x28 armino/cmsis/libcmsis.a(startup_bk7236.c.obj)
                0x000000000237432c                user_nmi_handler

.iplt           0x0000000002374354        0x0
 .iplt          0x0000000002374354        0x0 armino/cmsis/libcmsis.a(startup_bk7236.c.obj)

.text.SystemInit
                0x0000000002374354      0x110
 .text.SystemInit
                0x0000000002374354      0x110 armino/cmsis/libcmsis.a(system_bk7236xx.c.obj)
                0x0000000002374354                SystemInit

.text.arch_dump_cpu_registers.constprop.0
                0x0000000002374464      0x1e8
 .text.arch_dump_cpu_registers.constprop.0
                0x0000000002374464      0x1e8 armino/cm33/libcm33.a(trap_base.c.obj)

.text.arch_is_enter_exception
                0x000000000237464c        0xc
 .text.arch_is_enter_exception
                0x000000000237464c        0xc armino/cm33/libcm33.a(trap_base.c.obj)
                0x000000000237464c                arch_is_enter_exception

.text.rtos_regist_plat_dump_hook
                0x0000000002374658       0x6c
 .text.rtos_regist_plat_dump_hook
                0x0000000002374658       0x6c armino/cm33/libcm33.a(trap_base.c.obj)
                0x0000000002374658                rtos_regist_plat_dump_hook

.text.user_except_handler_ex
                0x00000000023746c4       0xf8
 .text.user_except_handler_ex
                0x00000000023746c4       0xf8 armino/cm33/libcm33.a(trap_base.c.obj)
                0x00000000023746c4                user_except_handler_ex

.text.ARM_MPU_Disable
                0x00000000023747bc       0x28
 .text.ARM_MPU_Disable
                0x00000000023747bc       0x28 armino/cm33/libcm33.a(mpu.c.obj)

.text.ARM_MPU_Enable.constprop.0
                0x00000000023747e4       0x24
 .text.ARM_MPU_Enable.constprop.0
                0x00000000023747e4       0x24 armino/cm33/libcm33.a(mpu.c.obj)

.text.mpu_register_regions
                0x0000000002374808       0x6c
 .text.mpu_register_regions
                0x0000000002374808       0x6c armino/cm33/libcm33.a(mpu.c.obj)
                0x0000000002374808                mpu_register_regions

.text.mpu_register_attrs
                0x0000000002374874       0x6c
 .text.mpu_register_attrs
                0x0000000002374874       0x6c armino/cm33/libcm33.a(mpu.c.obj)
                0x0000000002374874                mpu_register_attrs

.text.mpu_enable
                0x00000000023748e0       0x9c
 .text.mpu_enable
                0x00000000023748e0       0x9c armino/cm33/libcm33.a(mpu.c.obj)
                0x00000000023748e0                mpu_enable

.text.stack_mem_dump
                0x000000000237497c       0x90
 .text.stack_mem_dump
                0x000000000237497c       0x90 armino/cm33/libcm33.a(stack_base.c.obj)
                0x000000000237497c                stack_mem_dump

.text.arch_parse_stack_backtrace
                0x0000000002374a0c       0xd8
 .text.arch_parse_stack_backtrace
                0x0000000002374a0c       0xd8 armino/cm33/libcm33.a(stack_base.c.obj)
                0x0000000002374a0c                arch_parse_stack_backtrace

.text.show_reset_reason
                0x0000000002374ae4        0x2
 .text.show_reset_reason
                0x0000000002374ae4        0x2 armino/driver/libdriver.a(reset_reason.c.obj)
                0x0000000002374ae4                show_reset_reason

.text.bk_misc_set_reset_reason
                0x0000000002374ae8       0x2c
 .text.bk_misc_set_reset_reason
                0x0000000002374ae8       0x2c armino/driver/libdriver.a(reset_reason.c.obj)
                0x0000000002374ae8                bk_misc_set_reset_reason

.text.bk_wdt_driver_init
                0x0000000002374b14       0x28
 .text.bk_wdt_driver_init
                0x0000000002374b14       0x28 armino/driver/libdriver.a(wdt_driver.c.obj)
                0x0000000002374b14                bk_wdt_driver_init

.text.bk_wdt_feed
                0x0000000002374b3c       0x48
 .text.bk_wdt_feed
                0x0000000002374b3c       0x48 armino/driver/libdriver.a(wdt_driver.c.obj)
                0x0000000002374b3c                bk_wdt_feed

.text.aon_pmu_drv_init
                0x0000000002374b84        0x4
 .text.aon_pmu_drv_init
                0x0000000002374b84        0x4 armino/driver/libdriver.a(aon_pmu_driver.c.obj)
                0x0000000002374b84                aon_pmu_drv_init

.text.aon_pmu_drv_wdt_rst_dev_enable
                0x0000000002374b88        0x4
 .text.aon_pmu_drv_wdt_rst_dev_enable
                0x0000000002374b88        0x4 armino/driver/libdriver.a(aon_pmu_driver.c.obj)
                0x0000000002374b88                aon_pmu_drv_wdt_rst_dev_enable

.text.aon_pmu_drv_wdt_change_not_rosc_clk
                0x0000000002374b8c       0x16
 .text.aon_pmu_drv_wdt_change_not_rosc_clk
                0x0000000002374b8c       0x16 armino/driver/libdriver.a(aon_pmu_driver.c.obj)
                0x0000000002374b8c                aon_pmu_drv_wdt_change_not_rosc_clk

.text.sys_drv_dev_clk_pwr_up
                0x0000000002374ba2       0x20
 .text.sys_drv_dev_clk_pwr_up
                0x0000000002374ba2       0x20 armino/driver/libdriver.a(sys_clock_driver.c.obj)
                0x0000000002374ba2                sys_drv_dev_clk_pwr_up

.text.sys_drv_uart_select_clock
                0x0000000002374bc2       0x30
 .text.sys_drv_uart_select_clock
                0x0000000002374bc2       0x30 armino/driver/libdriver.a(sys_clock_driver.c.obj)
                0x0000000002374bc2                sys_drv_uart_select_clock

.text.sys_amp_res_acquire
                0x0000000002374bf4       0x10
 .text.sys_amp_res_acquire
                0x0000000002374bf4       0x10 armino/driver/libdriver.a(sys_driver_common.c.obj)
                0x0000000002374bf4                sys_amp_res_acquire

.text.sys_amp_res_release
                0x0000000002374c04       0x10
 .text.sys_amp_res_release
                0x0000000002374c04       0x10 armino/driver/libdriver.a(sys_driver_common.c.obj)
                0x0000000002374c04                sys_amp_res_release

.text.sys_amp_res_init
                0x0000000002374c14        0x6
 .text.sys_amp_res_init
                0x0000000002374c14        0x6 armino/driver/libdriver.a(sys_driver_common.c.obj)
                0x0000000002374c14                sys_amp_res_init

.text.amp_res_available
                0x0000000002374c1c       0x28
 .text.amp_res_available
                0x0000000002374c1c       0x28 armino/driver/libdriver.a(amp_res_lock.c.obj)
                0x0000000002374c1c                amp_res_available

.text.amp_res_lock_acquire
                0x0000000002374c44       0x8c
 .text.amp_res_lock_acquire
                0x0000000002374c44       0x8c armino/driver/libdriver.a(amp_res_lock.c.obj)
                0x0000000002374c44                amp_res_lock_acquire

.text.amp_res_lock_release
                0x0000000002374cd0       0x84
 .text.amp_res_lock_release
                0x0000000002374cd0       0x84 armino/driver/libdriver.a(amp_res_lock.c.obj)
                0x0000000002374cd0                amp_res_lock_release

.text.amp_res_lock_init
                0x0000000002374d54       0x34
 .text.amp_res_lock_init
                0x0000000002374d54       0x34 armino/driver/libdriver.a(amp_res_lock.c.obj)
                0x0000000002374d54                amp_res_lock_init

.text.ipc_cmd_handler
                0x0000000002374d88       0x60
 .text.ipc_cmd_handler
                0x0000000002374d88       0x60 armino/driver/libdriver.a(mb_ipc_cmd.c.obj)

.text.ipc_cmd_rx_isr
                0x0000000002374de8       0x9c
 .text.ipc_cmd_rx_isr
                0x0000000002374de8       0x9c armino/driver/libdriver.a(mb_ipc_cmd.c.obj)

.text.ipc_cmd_tx_cmpl_isr
                0x0000000002374e84       0x80
 .text.ipc_cmd_tx_cmpl_isr
                0x0000000002374e84       0x80 armino/driver/libdriver.a(mb_ipc_cmd.c.obj)

.text.ipc_send_cmd.constprop.0
                0x0000000002374f04       0xd0
 .text.ipc_send_cmd.constprop.0
                0x0000000002374f04       0xd0 armino/driver/libdriver.a(mb_ipc_cmd.c.obj)

.text.ipc_init  0x0000000002374fd4       0xbc
 .text.ipc_init
                0x0000000002374fd4       0xbc armino/driver/libdriver.a(mb_ipc_cmd.c.obj)
                0x0000000002374fd4                ipc_init

.text.ipc_send_available_ind
                0x0000000002375090       0x1c
 .text.ipc_send_available_ind
                0x0000000002375090       0x1c armino/driver/libdriver.a(mb_ipc_cmd.c.obj)
                0x0000000002375090                ipc_send_available_ind

.text.ipc_send_res_acquire_cnt
                0x00000000023750ac       0x1e
 .text.ipc_send_res_acquire_cnt
                0x00000000023750ac       0x1e armino/driver/libdriver.a(mb_ipc_cmd.c.obj)
                0x00000000023750ac                ipc_send_res_acquire_cnt

.text.ipc_send_res_release_cnt
                0x00000000023750ca       0x1e
 .text.ipc_send_res_release_cnt
                0x00000000023750ca       0x1e armino/driver/libdriver.a(mb_ipc_cmd.c.obj)
                0x00000000023750ca                ipc_send_res_release_cnt

.text.mb_chnl_get_tx_buff
                0x00000000023750e8       0x54
 .text.mb_chnl_get_tx_buff
                0x00000000023750e8       0x54 armino/driver/libdriver.a(mb_chnl_buff.c.obj)
                0x00000000023750e8                mb_chnl_get_tx_buff

.text.mb_chnl_get_rx_buff
                0x000000000237513c       0x50
 .text.mb_chnl_get_rx_buff
                0x000000000237513c       0x50 armino/driver/libdriver.a(mb_chnl_buff.c.obj)
                0x000000000237513c                mb_chnl_get_rx_buff

.text.mb_phy_chnl_tx_cmd
                0x000000000237518c       0xa0
 .text.mb_phy_chnl_tx_cmd
                0x000000000237518c       0xa0 armino/driver/libdriver.a(mailbox_channel.c.obj)

.text.mb_phy_chnl_rx_isr
                0x000000000237522c      0x154
 .text.mb_phy_chnl_rx_isr
                0x000000000237522c      0x154 armino/driver/libdriver.a(mailbox_channel.c.obj)

.text.mb_phy_chnl_tx_reset
                0x0000000002375380       0x38
 .text.mb_phy_chnl_tx_reset
                0x0000000002375380       0x38 armino/driver/libdriver.a(mailbox_channel.c.obj)

.text.mb_chnl_init
                0x00000000023753b8       0xa4
 .text.mb_chnl_init
                0x00000000023753b8       0xa4 armino/driver/libdriver.a(mailbox_channel.c.obj)
                0x00000000023753b8                mb_chnl_init

.text.mb_chnl_open
                0x000000000237545c       0x64
 .text.mb_chnl_open
                0x000000000237545c       0x64 armino/driver/libdriver.a(mailbox_channel.c.obj)
                0x000000000237545c                mb_chnl_open

.text.mb_chnl_close
                0x00000000023754c0       0x58
 .text.mb_chnl_close
                0x00000000023754c0       0x58 armino/driver/libdriver.a(mailbox_channel.c.obj)
                0x00000000023754c0                mb_chnl_close

.text.mb_chnl_write
                0x0000000002375518       0xac
 .text.mb_chnl_write
                0x0000000002375518       0xac armino/driver/libdriver.a(mailbox_channel.c.obj)
                0x0000000002375518                mb_chnl_write

.text.mb_chnl_ctrl
                0x00000000023755c4       0xc4
 .text.mb_chnl_ctrl
                0x00000000023755c4       0xc4 armino/driver/libdriver.a(mailbox_channel.c.obj)
                0x00000000023755c4                mb_chnl_ctrl

.text.mbox0_rx_isr
                0x0000000002375688       0x3c
 .text.mbox0_rx_isr
                0x0000000002375688       0x3c armino/driver/libdriver.a(mbox0_adapter.c.obj)

.text.bk_mailbox_init
                0x00000000023756c4       0x1c
 .text.bk_mailbox_init
                0x00000000023756c4       0x1c armino/driver/libdriver.a(mbox0_adapter.c.obj)
                0x00000000023756c4                bk_mailbox_init

.text.bk_mailbox_send
                0x00000000023756e0       0x88
 .text.bk_mailbox_send
                0x00000000023756e0       0x88 armino/driver/libdriver.a(mbox0_adapter.c.obj)
                0x00000000023756e0                bk_mailbox_send

.text.bk_mailbox_recv_callback_register
                0x0000000002375768       0x18
 .text.bk_mailbox_recv_callback_register
                0x0000000002375768       0x18 armino/driver/libdriver.a(mbox0_adapter.c.obj)
                0x0000000002375768                bk_mailbox_recv_callback_register

.text.mbox0_drv_isr_handler
                0x0000000002375780       0x38
 .text.mbox0_drv_isr_handler
                0x0000000002375780       0x38 armino/driver/libdriver.a(mbox0_drv.c.obj)

.text.mbox0_drv_get_send_stat
                0x00000000023757b8       0x28
 .text.mbox0_drv_get_send_stat
                0x00000000023757b8       0x28 armino/driver/libdriver.a(mbox0_drv.c.obj)
                0x00000000023757b8                mbox0_drv_get_send_stat

.text.mbox0_drv_send_message
                0x00000000023757e0       0x10
 .text.mbox0_drv_send_message
                0x00000000023757e0       0x10 armino/driver/libdriver.a(mbox0_drv.c.obj)
                0x00000000023757e0                mbox0_drv_send_message

.text.mbox0_drv_callback_register
                0x00000000023757f0        0xc
 .text.mbox0_drv_callback_register
                0x00000000023757f0        0xc armino/driver/libdriver.a(mbox0_drv.c.obj)
                0x00000000023757f0                mbox0_drv_callback_register

.text.mbox0_drv_init
                0x00000000023757fc       0x6c
 .text.mbox0_drv_init
                0x00000000023757fc       0x6c armino/driver/libdriver.a(mbox0_drv.c.obj)
                0x00000000023757fc                mbox0_drv_init

.text.sys_drv_int_disable
                0x0000000002375868       0x1c
 .text.sys_drv_int_disable
                0x0000000002375868       0x1c armino/driver/libdriver.a(sys_int_driver.c.obj)
                0x0000000002375868                sys_drv_int_disable

.text.sys_drv_int_enable
                0x0000000002375884       0x1c
 .text.sys_drv_int_enable
                0x0000000002375884       0x1c armino/driver/libdriver.a(sys_int_driver.c.obj)
                0x0000000002375884                sys_drv_int_enable

.text.sys_drv_int_group2_enable
                0x00000000023758a0       0x1c
 .text.sys_drv_int_group2_enable
                0x00000000023758a0       0x1c armino/driver/libdriver.a(sys_int_driver.c.obj)
                0x00000000023758a0                sys_drv_int_group2_enable

.text.bk_int_isr_register
                0x00000000023758bc       0x38
 .text.bk_int_isr_register
                0x00000000023758bc       0x38 armino/driver/libdriver.a(interrupt_base.c.obj)
                0x00000000023758bc                bk_int_isr_register

.text.interrupt_init
                0x00000000023758f4        0x4
 .text.interrupt_init
                0x00000000023758f4        0x4 armino/driver/libdriver.a(interrupt_base.c.obj)
                0x00000000023758f4                interrupt_init

.text.soc_isr_init
                0x00000000023758f8        0x4
 .text.soc_isr_init
                0x00000000023758f8        0x4 armino/driver/libdriver.a(interrupt.c.obj)
                0x00000000023758f8                soc_isr_init

.text.app_main_thread
                0x00000000023758fc       0x20
 .text.app_main_thread
                0x00000000023758fc       0x20 armino/bk_startup/libbk_startup.a(system_main.c.obj)

.text.start_app_main_thread
                0x000000000237591c       0x24
 .text.start_app_main_thread
                0x000000000237591c       0x24 armino/bk_startup/libbk_startup.a(system_main.c.obj)
                0x000000000237591c                start_app_main_thread

.text.entry_main
                0x0000000002375940       0x1e
 .text.entry_main
                0x0000000002375940       0x1e armino/bk_startup/libbk_startup.a(system_main.c.obj)
                0x0000000002375940                entry_main

.text.rtos_init
                0x000000000237595e        0xa
 .text.rtos_init
                0x000000000237595e        0xa armino/bk_startup/libbk_startup.a(rtos_init.c.obj)
                0x000000000237595e                rtos_init

.text.bk_mod_printf_disbled
                0x0000000002375968       0x30
 .text.bk_mod_printf_disbled
                0x0000000002375968       0x30 armino/bk_system/libbk_system.a(printf.c.obj)

.text.printf_lock_init
                0x0000000002375998       0x1c
 .text.printf_lock_init
                0x0000000002375998       0x1c armino/bk_system/libbk_system.a(printf.c.obj)
                0x0000000002375998                printf_lock_init

.text.printf_lock_deinit
                0x00000000023759b4        0x4
 .text.printf_lock_deinit
                0x00000000023759b4        0x4 armino/bk_system/libbk_system.a(printf.c.obj)
                0x00000000023759b4                printf_lock_deinit

.text.bk_printf_port_ext
                0x00000000023759b8      0x110
 .text.bk_printf_port_ext
                0x00000000023759b8      0x110 armino/bk_system/libbk_system.a(printf.c.obj)
                0x00000000023759b8                bk_printf_port_ext

.text.bk_printf
                0x0000000002375ac8       0x34
 .text.bk_printf
                0x0000000002375ac8       0x34 armino/bk_system/libbk_system.a(printf.c.obj)
                0x0000000002375ac8                bk_printf

.text.bk_enable_white_list
                0x0000000002375afc       0x10
 .text.bk_enable_white_list
                0x0000000002375afc       0x10 armino/bk_system/libbk_system.a(printf.c.obj)
                0x0000000002375afc                bk_enable_white_list

.text.bk_white_list_state
                0x0000000002375b0c        0xc
 .text.bk_white_list_state
                0x0000000002375b0c        0xc armino/bk_system/libbk_system.a(printf.c.obj)
                0x0000000002375b0c                bk_white_list_state

.text.bk_printf_ext
                0x0000000002375b18       0x4c
 .text.bk_printf_ext
                0x0000000002375b18       0x4c armino/bk_system/libbk_system.a(printf.c.obj)
                0x0000000002375b18                bk_printf_ext

.text.bk_set_printf_sync
                0x0000000002375b64        0xc
 .text.bk_set_printf_sync
                0x0000000002375b64        0xc armino/bk_system/libbk_system.a(printf.c.obj)
                0x0000000002375b64                bk_set_printf_sync

.text.bk_get_printf_sync
                0x0000000002375b70        0xc
 .text.bk_get_printf_sync
                0x0000000002375b70        0xc armino/bk_system/libbk_system.a(printf.c.obj)
                0x0000000002375b70                bk_get_printf_sync

.text.bk_disable_mod_printf
                0x0000000002375b7c       0x84
 .text.bk_disable_mod_printf
                0x0000000002375b7c       0x84 armino/bk_system/libbk_system.a(printf.c.obj)
                0x0000000002375b7c                bk_disable_mod_printf

.text.bk_get_disable_mod
                0x0000000002375c00       0x2c
 .text.bk_get_disable_mod
                0x0000000002375c00       0x2c armino/bk_system/libbk_system.a(printf.c.obj)
                0x0000000002375c00                bk_get_disable_mod

.text.bk_reboot_ex
                0x0000000002375c2c        0x2
 .text.bk_reboot_ex
                0x0000000002375c2c        0x2 armino/bk_system/libbk_system.a(reboot.c.obj)
                0x0000000002375c2c                bk_reboot_ex

.text.printf_is_init
                0x0000000002375c30        0xc
 .text.printf_is_init
                0x0000000002375c30        0xc armino/bk_system/libbk_system.a(printf_base.c.obj)
                0x0000000002375c30                printf_is_init

.text.bk_printf_deinit
                0x0000000002375c3c       0x20
 .text.bk_printf_deinit
                0x0000000002375c3c       0x20 armino/bk_system/libbk_system.a(printf_base.c.obj)
                0x0000000002375c3c                bk_printf_deinit

.text.bk_printf_init
                0x0000000002375c5c       0x40
 .text.bk_printf_init
                0x0000000002375c5c       0x40 armino/bk_system/libbk_system.a(printf_base.c.obj)
                0x0000000002375c5c                bk_printf_init

.text.bk_get_printf_port
                0x0000000002375c9c        0xc
 .text.bk_get_printf_port
                0x0000000002375c9c        0xc armino/bk_system/libbk_system.a(printf_base.c.obj)
                0x0000000002375c9c                bk_get_printf_port

.text.shell_cpu_check_valid
                0x0000000002375ca8       0x20
 .text.shell_cpu_check_valid
                0x0000000002375ca8       0x20 armino/bk_cli/libbk_cli.a(shell_task.c.obj)

.text.wakeup_process
                0x0000000002375cc8       0x24
 .text.wakeup_process
                0x0000000002375cc8       0x24 armino/bk_cli/libbk_cli.a(shell_task.c.obj)

.text.alloc_log_blk
                0x0000000002375cec       0xac
 .text.alloc_log_blk
                0x0000000002375cec       0xac armino/bk_cli/libbk_cli.a(shell_task.c.obj)

.text.shell_power_save_exit
                0x0000000002375d98       0x38
 .text.shell_power_save_exit
                0x0000000002375d98       0x38 armino/bk_cli/libbk_cli.a(shell_task.c.obj)

.text.shell_enter_deep_sleep
                0x0000000002375dd0       0x44
 .text.shell_enter_deep_sleep
                0x0000000002375dd0       0x44 armino/bk_cli/libbk_cli.a(shell_task.c.obj)

.text.shell_power_save_enter
                0x0000000002375e14       0x70
 .text.shell_power_save_enter
                0x0000000002375e14       0x70 armino/bk_cli/libbk_cli.a(shell_task.c.obj)

.text.shell_log_tx_init
                0x0000000002375e84       0xcc
 .text.shell_log_tx_init
                0x0000000002375e84       0xcc armino/bk_cli/libbk_cli.a(shell_task.c.obj)

.text.echo_out.isra.0
                0x0000000002375f50       0x24
 .text.echo_out.isra.0
                0x0000000002375f50       0x24 armino/bk_cli/libbk_cli.a(shell_task.c.obj)

.text.free_log_blk.isra.0
                0x0000000002375f74       0x4c
 .text.free_log_blk.isra.0
                0x0000000002375f74       0x4c armino/bk_cli/libbk_cli.a(shell_task.c.obj)

.text.push_pending_queue
                0x0000000002375fc0       0xc8
 .text.push_pending_queue
                0x0000000002375fc0       0xc8 armino/bk_cli/libbk_cli.a(shell_task.c.obj)

.text.set_shell_event.isra.0
                0x0000000002376088       0x24
 .text.set_shell_event.isra.0
                0x0000000002376088       0x24 armino/bk_cli/libbk_cli.a(shell_task.c.obj)

.text.shell_rx_indicate
                0x00000000023760ac        0x6
 .text.shell_rx_indicate
                0x00000000023760ac        0x6 armino/bk_cli/libbk_cli.a(shell_task.c.obj)

.text.shell_get_cpu_id
                0x00000000023760b4       0x14
 .text.shell_get_cpu_id
                0x00000000023760b4       0x14 armino/bk_cli/libbk_cli.a(shell_task.c.obj)
                0x00000000023760b4                shell_get_cpu_id

.text.shell_level_check_valid
                0x00000000023760c8       0x1c
 .text.shell_level_check_valid
                0x00000000023760c8       0x1c armino/bk_cli/libbk_cli.a(shell_task.c.obj)
                0x00000000023760c8                shell_level_check_valid

.text.shell_assert_out
                0x00000000023760e4       0x50
 .text.shell_assert_out
                0x00000000023760e4       0x50 armino/bk_cli/libbk_cli.a(shell_task.c.obj)
                0x00000000023760e4                shell_assert_out

.text.cmd_tx_complete
                0x0000000002376134       0x84
 .text.cmd_tx_complete
                0x0000000002376134       0x84 armino/bk_cli/libbk_cli.a(shell_task.c.obj)

.text.log_tx_complete
                0x00000000023761b8       0xa0
 .text.log_tx_complete
                0x00000000023761b8       0xa0 armino/bk_cli/libbk_cli.a(shell_task.c.obj)

.text.tx_req_process
                0x0000000002376258      0x124
 .text.tx_req_process
                0x0000000002376258      0x124 armino/bk_cli/libbk_cli.a(shell_task.c.obj)

.text.cmd_info_out.part.0
                0x000000000237637c       0x24
 .text.cmd_info_out.part.0
                0x000000000237637c       0x24 armino/bk_cli/libbk_cli.a(shell_task.c.obj)

.text.log_hint_out.isra.0
                0x00000000023763a0       0x30
 .text.log_hint_out.isra.0
                0x00000000023763a0       0x30 armino/bk_cli/libbk_cli.a(shell_task.c.obj)

.text.shell_log_raw_data
                0x00000000023763d0       0x64
 .text.shell_log_raw_data
                0x00000000023763d0       0x64 armino/bk_cli/libbk_cli.a(shell_task.c.obj)
                0x00000000023763d0                shell_log_raw_data

.text.shell_rx_wakeup
                0x0000000002376434       0x30
 .text.shell_rx_wakeup
                0x0000000002376434       0x30 armino/bk_cli/libbk_cli.a(shell_task.c.obj)

.text.shell_task
                0x0000000002376464      0x4ac
 .text.shell_task
                0x0000000002376464      0x4ac armino/bk_cli/libbk_cli.a(shell_task.c.obj)
                0x0000000002376464                shell_task

.text.shell_log_out_port
                0x0000000002376910       0xc4
 .text.shell_log_out_port
                0x0000000002376910       0xc4 armino/bk_cli/libbk_cli.a(shell_task.c.obj)
                0x0000000002376910                shell_log_out_port

.text.shell_tx_complete
                0x00000000023769d4       0x4c
 .text.shell_tx_complete
                0x00000000023769d4       0x4c armino/bk_cli/libbk_cli.a(shell_task.c.obj)

.text.shell_log_tx_complete
                0x0000000002376a20       0x3c
 .text.shell_log_tx_complete
                0x0000000002376a20       0x3c armino/bk_cli/libbk_cli.a(shell_task.c.obj)

.text.shell_assert_raw
                0x0000000002376a5c       0x34
 .text.shell_assert_raw
                0x0000000002376a5c       0x34 armino/bk_cli/libbk_cli.a(shell_task.c.obj)
                0x0000000002376a5c                shell_assert_raw

.text.shell_echo_set
                0x0000000002376a90       0x14
 .text.shell_echo_set
                0x0000000002376a90       0x14 armino/bk_cli/libbk_cli.a(shell_task.c.obj)
                0x0000000002376a90                shell_echo_set

.text.shell_echo_get
                0x0000000002376aa4       0x14
 .text.shell_echo_get
                0x0000000002376aa4       0x14 armino/bk_cli/libbk_cli.a(shell_task.c.obj)
                0x0000000002376aa4                shell_echo_get

.text.shell_set_log_level
                0x0000000002376ab8        0xc
 .text.shell_set_log_level
                0x0000000002376ab8        0xc armino/bk_cli/libbk_cli.a(shell_task.c.obj)
                0x0000000002376ab8                shell_set_log_level

.text.shell_get_log_level
                0x0000000002376ac4        0xc
 .text.shell_get_log_level
                0x0000000002376ac4        0xc armino/bk_cli/libbk_cli.a(shell_task.c.obj)
                0x0000000002376ac4                shell_get_log_level

.text.shell_set_log_flush
                0x0000000002376ad0        0xc
 .text.shell_set_log_flush
                0x0000000002376ad0        0xc armino/bk_cli/libbk_cli.a(shell_task.c.obj)
                0x0000000002376ad0                shell_set_log_flush

.text.shell_get_log_flush
                0x0000000002376adc        0xc
 .text.shell_get_log_flush
                0x0000000002376adc        0xc armino/bk_cli/libbk_cli.a(shell_task.c.obj)
                0x0000000002376adc                shell_get_log_flush

.text.shell_get_log_statist
                0x0000000002376ae8       0x40
 .text.shell_get_log_statist
                0x0000000002376ae8       0x40 armino/bk_cli/libbk_cli.a(shell_task.c.obj)
                0x0000000002376ae8                shell_get_log_statist

.text.shell_log_flush
                0x0000000002376b28       0x24
 .text.shell_log_flush
                0x0000000002376b28       0x24 armino/bk_cli/libbk_cli.a(shell_task.c.obj)
                0x0000000002376b28                shell_log_flush

.text.shell_cmd_ind_out
                0x0000000002376b4c       0x4c
 .text.shell_cmd_ind_out
                0x0000000002376b4c       0x4c armino/bk_cli/libbk_cli.a(shell_task.c.obj)
                0x0000000002376b4c                shell_cmd_ind_out

.text.shell_uart_read
                0x0000000002376b98       0x50
 .text.shell_uart_read
                0x0000000002376b98       0x50 armino/bk_cli/libbk_cli.a(shell_uart.c.obj)

.text.shell_uart_tx_isr
                0x0000000002376be8       0xbe
 .text.shell_uart_tx_isr
                0x0000000002376be8       0xbe armino/bk_cli/libbk_cli.a(shell_uart.c.obj)

.text.shell_uart_write_sync
                0x0000000002376ca6       0x2e
 .text.shell_uart_write_sync
                0x0000000002376ca6       0x2e armino/bk_cli/libbk_cli.a(shell_uart.c.obj)

.text.shell_uart_rx_isr
                0x0000000002376cd4       0x70
 .text.shell_uart_rx_isr
                0x0000000002376cd4       0x70 armino/bk_cli/libbk_cli.a(shell_uart.c.obj)

.text.shell_uart_tx_trigger
                0x0000000002376d44       0x18
 .text.shell_uart_tx_trigger
                0x0000000002376d44       0x18 armino/bk_cli/libbk_cli.a(shell_uart.c.obj)

.text.shell_uart_ctrl
                0x0000000002376d5c      0x124
 .text.shell_uart_ctrl
                0x0000000002376d5c      0x124 armino/bk_cli/libbk_cli.a(shell_uart.c.obj)

.text.shell_uart_write_echo
                0x0000000002376e80       0x60
 .text.shell_uart_write_echo
                0x0000000002376e80       0x60 armino/bk_cli/libbk_cli.a(shell_uart.c.obj)

.text.shell_uart_write_async
                0x0000000002376ee0       0x3e
 .text.shell_uart_write_async
                0x0000000002376ee0       0x3e armino/bk_cli/libbk_cli.a(shell_uart.c.obj)

.text.shell_uart_init
                0x0000000002376f20       0x44
 .text.shell_uart_init
                0x0000000002376f20       0x44 armino/bk_cli/libbk_cli.a(shell_uart.c.obj)

.text.shell_uart_open
                0x0000000002376f64       0x40
 .text.shell_uart_open
                0x0000000002376f64       0x40 armino/bk_cli/libbk_cli.a(shell_uart.c.obj)

.text.shell_uart_close
                0x0000000002376fa4       0x2e
 .text.shell_uart_close
                0x0000000002376fa4       0x2e armino/bk_cli/libbk_cli.a(shell_uart.c.obj)

.text._cli_name_cmp
                0x0000000002376fd2        0xc
 .text._cli_name_cmp
                0x0000000002376fd2        0xc armino/bk_cli/libbk_cli.a(cli_main.c.obj)

.text.cli_log_statist
                0x0000000002376fe0       0x64
 .text.cli_log_statist
                0x0000000002376fe0       0x64 armino/bk_cli/libbk_cli.a(cli_main.c.obj)
                0x0000000002376fe0                cli_log_statist

.text.cli_log_disable
                0x0000000002377044       0xd8
 .text.cli_log_disable
                0x0000000002377044       0xd8 armino/bk_cli/libbk_cli.a(cli_main.c.obj)

.text.log_setting_cmd
                0x000000000237711c       0xa8
 .text.log_setting_cmd
                0x000000000237711c       0xa8 armino/bk_cli/libbk_cli.a(cli_main.c.obj)

.text.help_command
                0x00000000023771c4       0x7c
 .text.help_command
                0x00000000023771c4       0x7c armino/bk_cli/libbk_cli.a(cli_main.c.obj)
                0x00000000023771c4                help_command

.text.lookup_command
                0x0000000002377240       0x68
 .text.lookup_command
                0x0000000002377240       0x68 armino/bk_cli/libbk_cli.a(cli_main.c.obj)
                0x0000000002377240                lookup_command

.text.handle_shell_input2
                0x00000000023772a8      0x24c
 .text.handle_shell_input2
                0x00000000023772a8      0x24c armino/bk_cli/libbk_cli.a(cli_main.c.obj)
                0x00000000023772a8                handle_shell_input2

.text.handle_shell_input
                0x00000000023774f4        0x4
 .text.handle_shell_input
                0x00000000023774f4        0x4 armino/bk_cli/libbk_cli.a(cli_main.c.obj)
                0x00000000023774f4                handle_shell_input

.text.cli_sort_command
                0x00000000023774f8       0x2c
 .text.cli_sort_command
                0x00000000023774f8       0x2c armino/bk_cli/libbk_cli.a(cli_main.c.obj)
                0x00000000023774f8                cli_sort_command

.text.cli_register_command
                0x0000000002377524       0x40
 .text.cli_register_command
                0x0000000002377524       0x40 armino/bk_cli/libbk_cli.a(cli_main.c.obj)
                0x0000000002377524                cli_register_command

.text.cli_register_commands
                0x0000000002377564       0x24
 .text.cli_register_commands
                0x0000000002377564       0x24 armino/bk_cli/libbk_cli.a(cli_main.c.obj)
                0x0000000002377564                cli_register_commands

.text.bk_cli_init
                0x0000000002377588       0xbc
 .text.bk_cli_init
                0x0000000002377588       0xbc armino/bk_cli/libbk_cli.a(cli_main.c.obj)
                0x0000000002377588                bk_cli_init

.text.cli_event_cb_0
                0x0000000002377644        0x4
 .text.cli_event_cb_0
                0x0000000002377644        0x4 armino/bk_cli/libbk_cli.a(cli_event.c.obj)

.text.cli_event_cmd
                0x0000000002377648      0x2b0
 .text.cli_event_cmd
                0x0000000002377648      0x2b0 armino/bk_cli/libbk_cli.a(cli_event.c.obj)

.text.cli_event_cb_1
                0x00000000023778f8        0x4
 .text.cli_event_cb_1
                0x00000000023778f8        0x4 armino/bk_cli/libbk_cli.a(cli_event.c.obj)

.text.cli_event_cb_2
                0x00000000023778fc        0x4
 .text.cli_event_cb_2
                0x00000000023778fc        0x4 armino/bk_cli/libbk_cli.a(cli_event.c.obj)

.text.cli_event_init
                0x0000000002377900        0xc
 .text.cli_event_init
                0x0000000002377900        0xc armino/bk_cli/libbk_cli.a(cli_event.c.obj)
                0x0000000002377900                cli_event_init

.text.unregister_cb_from_cb_list
                0x000000000237790c       0x3c
 .text.unregister_cb_from_cb_list
                0x000000000237790c       0x3c armino/bk_event/libbk_event.a(event.c.obj)

.text.event_send_msg_to_event_task
                0x0000000002377948       0x68
 .text.event_send_msg_to_event_task
                0x0000000002377948       0x68 armino/bk_event/libbk_event.a(event.c.obj)

.text.register_cb_to_cb_list
                0x00000000023779b0       0x6c
 .text.register_cb_to_cb_list
                0x00000000023779b0       0x6c armino/bk_event/libbk_event.a(event.c.obj)

.text.register_cb_to_event_node_list
                0x0000000002377a1c       0x8c
 .text.register_cb_to_event_node_list
                0x0000000002377a1c       0x8c armino/bk_event/libbk_event.a(event.c.obj)

.text.event_post_to_cb_list.isra.0
                0x0000000002377aa8       0x2a
 .text.event_post_to_cb_list.isra.0
                0x0000000002377aa8       0x2a armino/bk_event/libbk_event.a(event.c.obj)

.text.event_deinit_cb_list
                0x0000000002377ad4       0x2c
 .text.event_deinit_cb_list
                0x0000000002377ad4       0x2c armino/bk_event/libbk_event.a(event.c.obj)

.text.event_task
                0x0000000002377b00      0x328
 .text.event_task
                0x0000000002377b00      0x328 armino/bk_event/libbk_event.a(event.c.obj)

.text.bk_event_init
                0x0000000002377e28       0x88
 .text.bk_event_init
                0x0000000002377e28       0x88 armino/bk_event/libbk_event.a(event.c.obj)
                0x0000000002377e28                bk_event_init

.text.bk_event_deinit
                0x0000000002377eb0       0x58
 .text.bk_event_deinit
                0x0000000002377eb0       0x58 armino/bk_event/libbk_event.a(event.c.obj)
                0x0000000002377eb0                bk_event_deinit

.text.bk_event_register_cb
                0x0000000002377f08       0x68
 .text.bk_event_register_cb
                0x0000000002377f08       0x68 armino/bk_event/libbk_event.a(event.c.obj)
                0x0000000002377f08                bk_event_register_cb

.text.bk_event_unregister_cb
                0x0000000002377f70       0x68
 .text.bk_event_unregister_cb
                0x0000000002377f70       0x68 armino/bk_event/libbk_event.a(event.c.obj)
                0x0000000002377f70                bk_event_unregister_cb

.text.bk_event_post
                0x0000000002377fd8       0xb4
 .text.bk_event_post
                0x0000000002377fd8       0xb4 armino/bk_event/libbk_event.a(event.c.obj)
                0x0000000002377fd8                bk_event_post

.text.bk_event_dump
                0x000000000237808c        0x4
 .text.bk_event_dump
                0x000000000237808c        0x4 armino/bk_event/libbk_event.a(event.c.obj)
                0x000000000237808c                bk_event_dump

.text.pm_sleep_cb_push_item.constprop.0.isra.0
                0x0000000002378090       0xcc
 .text.pm_sleep_cb_push_item.constprop.0.isra.0
                0x0000000002378090       0xcc armino/bk_pm/libbk_pm.a(pm.c.obj)

.text.pm_hardware_init
                0x000000000237815c        0x2
 .text.pm_hardware_init
                0x000000000237815c        0x2 armino/bk_pm/libbk_pm.a(pm.c.obj)
                0x000000000237815c                pm_hardware_init

.text.bk_pm_module_vote_sleep_ctrl
                0x000000000237815e        0x4
 .text.bk_pm_module_vote_sleep_ctrl
                0x000000000237815e        0x4 armino/bk_pm/libbk_pm.a(pm.c.obj)
                0x000000000237815e                bk_pm_module_vote_sleep_ctrl

.text.bk_pm_sleep_register_cb
                0x0000000002378164       0xa4
 .text.bk_pm_sleep_register_cb
                0x0000000002378164       0xa4 armino/bk_pm/libbk_pm.a(pm.c.obj)
                0x0000000002378164                bk_pm_sleep_register_cb

.text.startup.main
                0x0000000002378208       0x20
 .text.startup.main
                0x0000000002378208       0x20 armino/main/libmain.a(app_main.c.obj)
                0x0000000002378208                main

.text.destory_mailbox_send_cmd_data
                0x0000000002378228       0x46
 .text.destory_mailbox_send_cmd_data